Archive member included to satisfy reference by file (symbol)

c:/program files (x86)/atmel/studio/7.0/toolchain/avr8/avr8-gnu-toolchain/bin/../lib/gcc/avr/4.9.2/avr51\libgcc.a(_mulsi3.o)
                              Menue.o (__mulsi3)
c:/program files (x86)/atmel/studio/7.0/toolchain/avr8/avr8-gnu-toolchain/bin/../lib/gcc/avr/4.9.2/avr51\libgcc.a(_udivmodhi4.o)
                              Scan.o (__udivmodhi4)
c:/program files (x86)/atmel/studio/7.0/toolchain/avr8/avr8-gnu-toolchain/bin/../lib/gcc/avr/4.9.2/avr51\libgcc.a(_divmodhi4.o)
                              App.o (__divmodhi4)
c:/program files (x86)/atmel/studio/7.0/toolchain/avr8/avr8-gnu-toolchain/bin/../lib/gcc/avr/4.9.2/avr51\libgcc.a(_udivmodsi4.o)
                              Menue.o (__udivmodsi4)
c:/program files (x86)/atmel/studio/7.0/toolchain/avr8/avr8-gnu-toolchain/bin/../lib/gcc/avr/4.9.2/avr51\libgcc.a(_exit.o)
                              C:/Program Files (x86)/Atmel/Studio/7.0/Packs/atmel/ATmega_DFP/1.0.98/gcc/dev/atmega128/avr51/crtatmega128.o (exit)
c:/program files (x86)/atmel/studio/7.0/toolchain/avr8/avr8-gnu-toolchain/bin/../lib/gcc/avr/4.9.2/avr51\libgcc.a(_copy_data.o)
                              Kbd.o (__do_copy_data)
c:/program files (x86)/atmel/studio/7.0/toolchain/avr8/avr8-gnu-toolchain/bin/../lib/gcc/avr/4.9.2/avr51\libgcc.a(_clear_bss.o)
                              Adc.o (__do_clear_bss)
c:/program files (x86)/atmel/studio/7.0/toolchain/avr8/avr8-gnu-toolchain/bin/../lib/gcc/avr/4.9.2/avr51\libgcc.a(_ctors.o)
                              Adc.o (__do_global_ctors)
c:/program files (x86)/atmel/studio/7.0/toolchain/avr8/avr8-gnu-toolchain/bin/../lib/gcc/avr/4.9.2/avr51\libgcc.a(_umulhisi3.o)
                              Menue.o (__umulhisi3)
c:/program files (x86)/atmel/studio/7.0/toolchain/avr8/avr8-gnu-toolchain/bin/../lib/gcc/avr/4.9.2/avr51\libgcc.a(_muluhisi3.o)
                              Menue.o (__muluhisi3)
c:/program files (x86)/atmel/studio/7.0/toolchain/avr8/avr8-gnu-toolchain/bin/../lib/gcc/avr/4.9.2/avr51\libgcc.a(_tablejump2.o)
                              c:/program files (x86)/atmel/studio/7.0/toolchain/avr8/avr8-gnu-toolchain/bin/../lib/gcc/avr/4.9.2/avr51\libgcc.a(_ctors.o) (__tablejump2__)
c:/program files (x86)/atmel/studio/7.0/toolchain/avr8/avr8-gnu-toolchain/bin/../lib/gcc/avr/4.9.2/../../../../avr/lib/avr51\libc.a(memcpy.o)
                              Scan.o (memcpy)
c:/program files (x86)/atmel/studio/7.0/toolchain/avr8/avr8-gnu-toolchain/bin/../lib/gcc/avr/4.9.2/../../../../avr/lib/avr51\libc.a(memset.o)
                              Nvr.o (memset)
c:/program files (x86)/atmel/studio/7.0/toolchain/avr8/avr8-gnu-toolchain/bin/../lib/gcc/avr/4.9.2/../../../../avr/lib/avr51\libc.a(fdevopen.o)
                              Lcd.o (fdevopen)
c:/program files (x86)/atmel/studio/7.0/toolchain/avr8/avr8-gnu-toolchain/bin/../lib/gcc/avr/4.9.2/../../../../avr/lib/avr51\libc.a(fgetc.o)
                              App.o (fgetc)
c:/program files (x86)/atmel/studio/7.0/toolchain/avr8/avr8-gnu-toolchain/bin/../lib/gcc/avr/4.9.2/../../../../avr/lib/avr51\libc.a(iob.o)
                              App.o (__iob)
c:/program files (x86)/atmel/studio/7.0/toolchain/avr8/avr8-gnu-toolchain/bin/../lib/gcc/avr/4.9.2/../../../../avr/lib/avr51\libc.a(printf_p.o)
                              App.o (printf_P)
c:/program files (x86)/atmel/studio/7.0/toolchain/avr8/avr8-gnu-toolchain/bin/../lib/gcc/avr/4.9.2/../../../../avr/lib/avr51\libc.a(vfprintf_p.o)
                              Lcd.o (vfprintf_P)
c:/program files (x86)/atmel/studio/7.0/toolchain/avr8/avr8-gnu-toolchain/bin/../lib/gcc/avr/4.9.2/../../../../avr/lib/avr51\libc.a(vfprintf_std.o)
                              c:/program files (x86)/atmel/studio/7.0/toolchain/avr8/avr8-gnu-toolchain/bin/../lib/gcc/avr/4.9.2/../../../../avr/lib/avr51\libc.a(printf_p.o) (vfprintf)
c:/program files (x86)/atmel/studio/7.0/toolchain/avr8/avr8-gnu-toolchain/bin/../lib/gcc/avr/4.9.2/../../../../avr/lib/avr51\libc.a(calloc.o)
                              c:/program files (x86)/atmel/studio/7.0/toolchain/avr8/avr8-gnu-toolchain/bin/../lib/gcc/avr/4.9.2/../../../../avr/lib/avr51\libc.a(fdevopen.o) (calloc)
c:/program files (x86)/atmel/studio/7.0/toolchain/avr8/avr8-gnu-toolchain/bin/../lib/gcc/avr/4.9.2/../../../../avr/lib/avr51\libc.a(malloc.o)
                              c:/program files (x86)/atmel/studio/7.0/toolchain/avr8/avr8-gnu-toolchain/bin/../lib/gcc/avr/4.9.2/../../../../avr/lib/avr51\libc.a(calloc.o) (malloc)
c:/program files (x86)/atmel/studio/7.0/toolchain/avr8/avr8-gnu-toolchain/bin/../lib/gcc/avr/4.9.2/../../../../avr/lib/avr51\libc.a(strnlen_P.o)
                              c:/program files (x86)/atmel/studio/7.0/toolchain/avr8/avr8-gnu-toolchain/bin/../lib/gcc/avr/4.9.2/../../../../avr/lib/avr51\libc.a(vfprintf_std.o) (strnlen_P)
c:/program files (x86)/atmel/studio/7.0/toolchain/avr8/avr8-gnu-toolchain/bin/../lib/gcc/avr/4.9.2/../../../../avr/lib/avr51\libc.a(strnlen.o)
                              c:/program files (x86)/atmel/studio/7.0/toolchain/avr8/avr8-gnu-toolchain/bin/../lib/gcc/avr/4.9.2/../../../../avr/lib/avr51\libc.a(vfprintf_std.o) (strnlen)
c:/program files (x86)/atmel/studio/7.0/toolchain/avr8/avr8-gnu-toolchain/bin/../lib/gcc/avr/4.9.2/../../../../avr/lib/avr51\libc.a(fputc.o)
                              c:/program files (x86)/atmel/studio/7.0/toolchain/avr8/avr8-gnu-toolchain/bin/../lib/gcc/avr/4.9.2/../../../../avr/lib/avr51\libc.a(vfprintf_std.o) (fputc)
c:/program files (x86)/atmel/studio/7.0/toolchain/avr8/avr8-gnu-toolchain/bin/../lib/gcc/avr/4.9.2/../../../../avr/lib/avr51\libc.a(ultoa_invert.o)
                              c:/program files (x86)/atmel/studio/7.0/toolchain/avr8/avr8-gnu-toolchain/bin/../lib/gcc/avr/4.9.2/../../../../avr/lib/avr51\libc.a(vfprintf_std.o) (__ultoa_invert)
C:/Program Files (x86)/Atmel/Studio/7.0/Packs/atmel/ATmega_DFP/1.0.98/gcc/dev/atmega128/avr51\libatmega128.a(eerd_block.o)
                              Nvr.o (eeprom_read_block)
C:/Program Files (x86)/Atmel/Studio/7.0/Packs/atmel/ATmega_DFP/1.0.98/gcc/dev/atmega128/avr51\libatmega128.a(eerd_byte.o)
                              Nvr.o (eeprom_read_byte)
C:/Program Files (x86)/Atmel/Studio/7.0/Packs/atmel/ATmega_DFP/1.0.98/gcc/dev/atmega128/avr51\libatmega128.a(eerd_word.o)
                              Nvr.o (eeprom_read_word)
C:/Program Files (x86)/Atmel/Studio/7.0/Packs/atmel/ATmega_DFP/1.0.98/gcc/dev/atmega128/avr51\libatmega128.a(eewr_block.o)
                              Nvr.o (eeprom_write_block)
C:/Program Files (x86)/Atmel/Studio/7.0/Packs/atmel/ATmega_DFP/1.0.98/gcc/dev/atmega128/avr51\libatmega128.a(eewr_byte.o)
                              Nvr.o (eeprom_write_byte)
C:/Program Files (x86)/Atmel/Studio/7.0/Packs/atmel/ATmega_DFP/1.0.98/gcc/dev/atmega128/avr51\libatmega128.a(eewr_word.o)
                              Nvr.o (eeprom_write_word)

Allocating common symbols
Common symbol       size              file

__brkval            0x2               c:/program files (x86)/atmel/studio/7.0/toolchain/avr8/avr8-gnu-toolchain/bin/../lib/gcc/avr/4.9.2/../../../../avr/lib/avr51\libc.a(malloc.o)
__flp               0x2               c:/program files (x86)/atmel/studio/7.0/toolchain/avr8/avr8-gnu-toolchain/bin/../lib/gcc/avr/4.9.2/../../../../avr/lib/avr51\libc.a(malloc.o)
__iob               0x6               c:/program files (x86)/atmel/studio/7.0/toolchain/avr8/avr8-gnu-toolchain/bin/../lib/gcc/avr/4.9.2/../../../../avr/lib/avr51\libc.a(iob.o)

Discarded input sections

 .data          0x00000000        0x0 C:/Program Files (x86)/Atmel/Studio/7.0/Packs/atmel/ATmega_DFP/1.0.98/gcc/dev/atmega128/avr51/crtatmega128.o
 .bss           0x00000000        0x0 C:/Program Files (x86)/Atmel/Studio/7.0/Packs/atmel/ATmega_DFP/1.0.98/gcc/dev/atmega128/avr51/crtatmega128.o
 .text          0x00000000        0x0 Adc.o
 .data          0x00000000        0x0 Adc.o
 .bss           0x00000000        0x0 Adc.o
 .text          0x00000000        0x0 App.o
 .data          0x00000000        0x0 App.o
 .bss           0x00000000        0x0 App.o
 .text          0x00000000        0x0 Curve.o
 .data          0x00000000        0x0 Curve.o
 .bss           0x00000000        0x0 Curve.o
 .progmem.data._ZN5Curve6cElsisE
                0x00000000      0x100 Curve.o
 .progmem.data._ZN5Curve13cElsisPreheatE
                0x00000000      0x100 Curve.o
 .progmem.data._ZN5Curve5cFluoE
                0x00000000      0x100 Curve.o
 .progmem.data._ZN5Curve7cDirectE
                0x00000000      0x100 Curve.o
 .progmem.data._ZN5Curve12outFuncTableE
                0x00000000        0xa Curve.o
 .text._ZN5Curve7getRmsPEhh
                0x00000000       0x26 Curve.o
 .text._ZN5Curve4testEh
                0x00000000       0x36 Curve.o
 .text          0x00000000        0x0 Dda.o
 .data          0x00000000        0x0 Dda.o
 .bss           0x00000000        0x0 Dda.o
 .text._ZN3DdaC2Ev
                0x00000000       0x18 Dda.o
 .text          0x00000000        0x0 Dmx.o
 .data          0x00000000        0x0 Dmx.o
 .bss           0x00000000        0x0 Dmx.o
 .text          0x00000000        0x0 Kbd.o
 .data          0x00000000        0x0 Kbd.o
 .bss           0x00000000        0x0 Kbd.o
 .text          0x00000000        0x0 Lcd.o
 .data          0x00000000        0x0 Lcd.o
 .bss           0x00000000        0x0 Lcd.o
 .group         0x00000000        0x8 Menue.o
 .text          0x00000000        0x0 Menue.o
 .data          0x00000000        0x0 Menue.o
 .bss           0x00000000        0x0 Menue.o
 .text          0x00000000        0x0 Nvr.o
 .data          0x00000000        0x0 Nvr.o
 .bss           0x00000000        0x0 Nvr.o
 .text._ZN3Nvr12restoreSetupEv
                0x00000000       0x28 Nvr.o
 .group         0x00000000        0x8 Scan.o
 .group         0x00000000        0x8 Scan.o
 .group         0x00000000        0x8 Scan.o
 .text          0x00000000        0x0 Scan.o
 .data          0x00000000        0x0 Scan.o
 .bss           0x00000000        0x0 Scan.o
 .text._ZN3Adc6getRmsEh
                0x00000000       0x34 Scan.o
 .text          0x00000000        0x0 Spi.o
 .data          0x00000000        0x0 Spi.o
 .bss           0x00000000        0x0 Spi.o
 .text          0x00000000        0x0 c:/program files (x86)/atmel/studio/7.0/toolchain/avr8/avr8-gnu-toolchain/bin/../lib/gcc/avr/4.9.2/avr51\libgcc.a(_mulsi3.o)
 .data          0x00000000        0x0 c:/program files (x86)/atmel/studio/7.0/toolchain/avr8/avr8-gnu-toolchain/bin/../lib/gcc/avr/4.9.2/avr51\libgcc.a(_mulsi3.o)
 .bss           0x00000000        0x0 c:/program files (x86)/atmel/studio/7.0/toolchain/avr8/avr8-gnu-toolchain/bin/../lib/gcc/avr/4.9.2/avr51\libgcc.a(_mulsi3.o)
 .text.libgcc.div
                0x00000000        0x0 c:/program files (x86)/atmel/studio/7.0/toolchain/avr8/avr8-gnu-toolchain/bin/../lib/gcc/avr/4.9.2/avr51\libgcc.a(_mulsi3.o)
 .text.libgcc   0x00000000        0x0 c:/program files (x86)/atmel/studio/7.0/toolchain/avr8/avr8-gnu-toolchain/bin/../lib/gcc/avr/4.9.2/avr51\libgcc.a(_mulsi3.o)
 .text.libgcc.prologue
                0x00000000        0x0 c:/program files (x86)/atmel/studio/7.0/toolchain/avr8/avr8-gnu-toolchain/bin/../lib/gcc/avr/4.9.2/avr51\libgcc.a(_mulsi3.o)
 .text.libgcc.builtins
                0x00000000        0x0 c:/program files (x86)/atmel/studio/7.0/toolchain/avr8/avr8-gnu-toolchain/bin/../lib/gcc/avr/4.9.2/avr51\libgcc.a(_mulsi3.o)
 .text.libgcc.fmul
                0x00000000        0x0 c:/program files (x86)/atmel/studio/7.0/toolchain/avr8/avr8-gnu-toolchain/bin/../lib/gcc/avr/4.9.2/avr51\libgcc.a(_mulsi3.o)
 .text.libgcc.fixed
                0x00000000        0x0 c:/program files (x86)/atmel/studio/7.0/toolchain/avr8/avr8-gnu-toolchain/bin/../lib/gcc/avr/4.9.2/avr51\libgcc.a(_mulsi3.o)
 .text          0x00000000        0x0 c:/program files (x86)/atmel/studio/7.0/toolchain/avr8/avr8-gnu-toolchain/bin/../lib/gcc/avr/4.9.2/avr51\libgcc.a(_udivmodhi4.o)
 .data          0x00000000        0x0 c:/program files (x86)/atmel/studio/7.0/toolchain/avr8/avr8-gnu-toolchain/bin/../lib/gcc/avr/4.9.2/avr51\libgcc.a(_udivmodhi4.o)
 .bss           0x00000000        0x0 c:/program files (x86)/atmel/studio/7.0/toolchain/avr8/avr8-gnu-toolchain/bin/../lib/gcc/avr/4.9.2/avr51\libgcc.a(_udivmodhi4.o)
 .text.libgcc.mul
                0x00000000        0x0 c:/program files (x86)/atmel/studio/7.0/toolchain/avr8/avr8-gnu-toolchain/bin/../lib/gcc/avr/4.9.2/avr51\libgcc.a(_udivmodhi4.o)
 .text.libgcc   0x00000000        0x0 c:/program files (x86)/atmel/studio/7.0/toolchain/avr8/avr8-gnu-toolchain/bin/../lib/gcc/avr/4.9.2/avr51\libgcc.a(_udivmodhi4.o)
 .text.libgcc.prologue
                0x00000000        0x0 c:/program files (x86)/atmel/studio/7.0/toolchain/avr8/avr8-gnu-toolchain/bin/../lib/gcc/avr/4.9.2/avr51\libgcc.a(_udivmodhi4.o)
 .text.libgcc.builtins
                0x00000000        0x0 c:/program files (x86)/atmel/studio/7.0/toolchain/avr8/avr8-gnu-toolchain/bin/../lib/gcc/avr/4.9.2/avr51\libgcc.a(_udivmodhi4.o)
 .text.libgcc.fmul
                0x00000000        0x0 c:/program files (x86)/atmel/studio/7.0/toolchain/avr8/avr8-gnu-toolchain/bin/../lib/gcc/avr/4.9.2/avr51\libgcc.a(_udivmodhi4.o)
 .text.libgcc.fixed
                0x00000000        0x0 c:/program files (x86)/atmel/studio/7.0/toolchain/avr8/avr8-gnu-toolchain/bin/../lib/gcc/avr/4.9.2/avr51\libgcc.a(_udivmodhi4.o)
 .text          0x00000000        0x0 c:/program files (x86)/atmel/studio/7.0/toolchain/avr8/avr8-gnu-toolchain/bin/../lib/gcc/avr/4.9.2/avr51\libgcc.a(_divmodhi4.o)
 .data          0x00000000        0x0 c:/program files (x86)/atmel/studio/7.0/toolchain/avr8/avr8-gnu-toolchain/bin/../lib/gcc/avr/4.9.2/avr51\libgcc.a(_divmodhi4.o)
 .bss           0x00000000        0x0 c:/program files (x86)/atmel/studio/7.0/toolchain/avr8/avr8-gnu-toolchain/bin/../lib/gcc/avr/4.9.2/avr51\libgcc.a(_divmodhi4.o)
 .text.libgcc.mul
                0x00000000        0x0 c:/program files (x86)/atmel/studio/7.0/toolchain/avr8/avr8-gnu-toolchain/bin/../lib/gcc/avr/4.9.2/avr51\libgcc.a(_divmodhi4.o)
 .text.libgcc   0x00000000        0x0 c:/program files (x86)/atmel/studio/7.0/toolchain/avr8/avr8-gnu-toolchain/bin/../lib/gcc/avr/4.9.2/avr51\libgcc.a(_divmodhi4.o)
 .text.libgcc.prologue
                0x00000000        0x0 c:/program files (x86)/atmel/studio/7.0/toolchain/avr8/avr8-gnu-toolchain/bin/../lib/gcc/avr/4.9.2/avr51\libgcc.a(_divmodhi4.o)
 .text.libgcc.builtins
                0x00000000        0x0 c:/program files (x86)/atmel/studio/7.0/toolchain/avr8/avr8-gnu-toolchain/bin/../lib/gcc/avr/4.9.2/avr51\libgcc.a(_divmodhi4.o)
 .text.libgcc.fmul
                0x00000000        0x0 c:/program files (x86)/atmel/studio/7.0/toolchain/avr8/avr8-gnu-toolchain/bin/../lib/gcc/avr/4.9.2/avr51\libgcc.a(_divmodhi4.o)
 .text.libgcc.fixed
                0x00000000        0x0 c:/program files (x86)/atmel/studio/7.0/toolchain/avr8/avr8-gnu-toolchain/bin/../lib/gcc/avr/4.9.2/avr51\libgcc.a(_divmodhi4.o)
 .text          0x00000000        0x0 c:/program files (x86)/atmel/studio/7.0/toolchain/avr8/avr8-gnu-toolchain/bin/../lib/gcc/avr/4.9.2/avr51\libgcc.a(_udivmodsi4.o)
 .data          0x00000000        0x0 c:/program files (x86)/atmel/studio/7.0/toolchain/avr8/avr8-gnu-toolchain/bin/../lib/gcc/avr/4.9.2/avr51\libgcc.a(_udivmodsi4.o)
 .bss           0x00000000        0x0 c:/program files (x86)/atmel/studio/7.0/toolchain/avr8/avr8-gnu-toolchain/bin/../lib/gcc/avr/4.9.2/avr51\libgcc.a(_udivmodsi4.o)
 .text.libgcc.mul
                0x00000000        0x0 c:/program files (x86)/atmel/studio/7.0/toolchain/avr8/avr8-gnu-toolchain/bin/../lib/gcc/avr/4.9.2/avr51\libgcc.a(_udivmodsi4.o)
 .text.libgcc   0x00000000        0x0 c:/program files (x86)/atmel/studio/7.0/toolchain/avr8/avr8-gnu-toolchain/bin/../lib/gcc/avr/4.9.2/avr51\libgcc.a(_udivmodsi4.o)
 .text.libgcc.prologue
                0x00000000        0x0 c:/program files (x86)/atmel/studio/7.0/toolchain/avr8/avr8-gnu-toolchain/bin/../lib/gcc/avr/4.9.2/avr51\libgcc.a(_udivmodsi4.o)
 .text.libgcc.builtins
                0x00000000        0x0 c:/program files (x86)/atmel/studio/7.0/toolchain/avr8/avr8-gnu-toolchain/bin/../lib/gcc/avr/4.9.2/avr51\libgcc.a(_udivmodsi4.o)
 .text.libgcc.fmul
                0x00000000        0x0 c:/program files (x86)/atmel/studio/7.0/toolchain/avr8/avr8-gnu-toolchain/bin/../lib/gcc/avr/4.9.2/avr51\libgcc.a(_udivmodsi4.o)
 .text.libgcc.fixed
                0x00000000        0x0 c:/program files (x86)/atmel/studio/7.0/toolchain/avr8/avr8-gnu-toolchain/bin/../lib/gcc/avr/4.9.2/avr51\libgcc.a(_udivmodsi4.o)
 .text          0x00000000        0x0 c:/program files (x86)/atmel/studio/7.0/toolchain/avr8/avr8-gnu-toolchain/bin/../lib/gcc/avr/4.9.2/avr51\libgcc.a(_exit.o)
 .data          0x00000000        0x0 c:/program files (x86)/atmel/studio/7.0/toolchain/avr8/avr8-gnu-toolchain/bin/../lib/gcc/avr/4.9.2/avr51\libgcc.a(_exit.o)
 .bss           0x00000000        0x0 c:/program files (x86)/atmel/studio/7.0/toolchain/avr8/avr8-gnu-toolchain/bin/../lib/gcc/avr/4.9.2/avr51\libgcc.a(_exit.o)
 .text.libgcc.mul
                0x00000000        0x0 c:/program files (x86)/atmel/studio/7.0/toolchain/avr8/avr8-gnu-toolchain/bin/../lib/gcc/avr/4.9.2/avr51\libgcc.a(_exit.o)
 .text.libgcc.div
                0x00000000        0x0 c:/program files (x86)/atmel/studio/7.0/toolchain/avr8/avr8-gnu-toolchain/bin/../lib/gcc/avr/4.9.2/avr51\libgcc.a(_exit.o)
 .text.libgcc   0x00000000        0x0 c:/program files (x86)/atmel/studio/7.0/toolchain/avr8/avr8-gnu-toolchain/bin/../lib/gcc/avr/4.9.2/avr51\libgcc.a(_exit.o)
 .text.libgcc.prologue
                0x00000000        0x0 c:/program files (x86)/atmel/studio/7.0/toolchain/avr8/avr8-gnu-toolchain/bin/../lib/gcc/avr/4.9.2/avr51\libgcc.a(_exit.o)
 .text.libgcc.builtins
                0x00000000        0x0 c:/program files (x86)/atmel/studio/7.0/toolchain/avr8/avr8-gnu-toolchain/bin/../lib/gcc/avr/4.9.2/avr51\libgcc.a(_exit.o)
 .text.libgcc.fmul
                0x00000000        0x0 c:/program files (x86)/atmel/studio/7.0/toolchain/avr8/avr8-gnu-toolchain/bin/../lib/gcc/avr/4.9.2/avr51\libgcc.a(_exit.o)
 .text.libgcc.fixed
                0x00000000        0x0 c:/program files (x86)/atmel/studio/7.0/toolchain/avr8/avr8-gnu-toolchain/bin/../lib/gcc/avr/4.9.2/avr51\libgcc.a(_exit.o)
 .text          0x00000000        0x0 c:/program files (x86)/atmel/studio/7.0/toolchain/avr8/avr8-gnu-toolchain/bin/../lib/gcc/avr/4.9.2/avr51\libgcc.a(_copy_data.o)
 .data          0x00000000        0x0 c:/program files (x86)/atmel/studio/7.0/toolchain/avr8/avr8-gnu-toolchain/bin/../lib/gcc/avr/4.9.2/avr51\libgcc.a(_copy_data.o)
 .bss           0x00000000        0x0 c:/program files (x86)/atmel/studio/7.0/toolchain/avr8/avr8-gnu-toolchain/bin/../lib/gcc/avr/4.9.2/avr51\libgcc.a(_copy_data.o)
 .text.libgcc.mul
                0x00000000        0x0 c:/program files (x86)/atmel/studio/7.0/toolchain/avr8/avr8-gnu-toolchain/bin/../lib/gcc/avr/4.9.2/avr51\libgcc.a(_copy_data.o)
 .text.libgcc.div
                0x00000000        0x0 c:/program files (x86)/atmel/studio/7.0/toolchain/avr8/avr8-gnu-toolchain/bin/../lib/gcc/avr/4.9.2/avr51\libgcc.a(_copy_data.o)
 .text.libgcc   0x00000000        0x0 c:/program files (x86)/atmel/studio/7.0/toolchain/avr8/avr8-gnu-toolchain/bin/../lib/gcc/avr/4.9.2/avr51\libgcc.a(_copy_data.o)
 .text.libgcc.prologue
                0x00000000        0x0 c:/program files (x86)/atmel/studio/7.0/toolchain/avr8/avr8-gnu-toolchain/bin/../lib/gcc/avr/4.9.2/avr51\libgcc.a(_copy_data.o)
 .text.libgcc.builtins
                0x00000000        0x0 c:/program files (x86)/atmel/studio/7.0/toolchain/avr8/avr8-gnu-toolchain/bin/../lib/gcc/avr/4.9.2/avr51\libgcc.a(_copy_data.o)
 .text.libgcc.fmul
                0x00000000        0x0 c:/program files (x86)/atmel/studio/7.0/toolchain/avr8/avr8-gnu-toolchain/bin/../lib/gcc/avr/4.9.2/avr51\libgcc.a(_copy_data.o)
 .text.libgcc.fixed
                0x00000000        0x0 c:/program files (x86)/atmel/studio/7.0/toolchain/avr8/avr8-gnu-toolchain/bin/../lib/gcc/avr/4.9.2/avr51\libgcc.a(_copy_data.o)
 .text          0x00000000        0x0 c:/program files (x86)/atmel/studio/7.0/toolchain/avr8/avr8-gnu-toolchain/bin/../lib/gcc/avr/4.9.2/avr51\libgcc.a(_clear_bss.o)
 .data          0x00000000        0x0 c:/program files (x86)/atmel/studio/7.0/toolchain/avr8/avr8-gnu-toolchain/bin/../lib/gcc/avr/4.9.2/avr51\libgcc.a(_clear_bss.o)
 .bss           0x00000000        0x0 c:/program files (x86)/atmel/studio/7.0/toolchain/avr8/avr8-gnu-toolchain/bin/../lib/gcc/avr/4.9.2/avr51\libgcc.a(_clear_bss.o)
 .text.libgcc.mul
                0x00000000        0x0 c:/program files (x86)/atmel/studio/7.0/toolchain/avr8/avr8-gnu-toolchain/bin/../lib/gcc/avr/4.9.2/avr51\libgcc.a(_clear_bss.o)
 .text.libgcc.div
                0x00000000        0x0 c:/program files (x86)/atmel/studio/7.0/toolchain/avr8/avr8-gnu-toolchain/bin/../lib/gcc/avr/4.9.2/avr51\libgcc.a(_clear_bss.o)
 .text.libgcc   0x00000000        0x0 c:/program files (x86)/atmel/studio/7.0/toolchain/avr8/avr8-gnu-toolchain/bin/../lib/gcc/avr/4.9.2/avr51\libgcc.a(_clear_bss.o)
 .text.libgcc.prologue
                0x00000000        0x0 c:/program files (x86)/atmel/studio/7.0/toolchain/avr8/avr8-gnu-toolchain/bin/../lib/gcc/avr/4.9.2/avr51\libgcc.a(_clear_bss.o)
 .text.libgcc.builtins
                0x00000000        0x0 c:/program files (x86)/atmel/studio/7.0/toolchain/avr8/avr8-gnu-toolchain/bin/../lib/gcc/avr/4.9.2/avr51\libgcc.a(_clear_bss.o)
 .text.libgcc.fmul
                0x00000000        0x0 c:/program files (x86)/atmel/studio/7.0/toolchain/avr8/avr8-gnu-toolchain/bin/../lib/gcc/avr/4.9.2/avr51\libgcc.a(_clear_bss.o)
 .text.libgcc.fixed
                0x00000000        0x0 c:/program files (x86)/atmel/studio/7.0/toolchain/avr8/avr8-gnu-toolchain/bin/../lib/gcc/avr/4.9.2/avr51\libgcc.a(_clear_bss.o)
 .text          0x00000000        0x0 c:/program files (x86)/atmel/studio/7.0/toolchain/avr8/avr8-gnu-toolchain/bin/../lib/gcc/avr/4.9.2/avr51\libgcc.a(_ctors.o)
 .data          0x00000000        0x0 c:/program files (x86)/atmel/studio/7.0/toolchain/avr8/avr8-gnu-toolchain/bin/../lib/gcc/avr/4.9.2/avr51\libgcc.a(_ctors.o)
 .bss           0x00000000        0x0 c:/program files (x86)/atmel/studio/7.0/toolchain/avr8/avr8-gnu-toolchain/bin/../lib/gcc/avr/4.9.2/avr51\libgcc.a(_ctors.o)
 .text.libgcc.mul
                0x00000000        0x0 c:/program files (x86)/atmel/studio/7.0/toolchain/avr8/avr8-gnu-toolchain/bin/../lib/gcc/avr/4.9.2/avr51\libgcc.a(_ctors.o)
 .text.libgcc.div
                0x00000000        0x0 c:/program files (x86)/atmel/studio/7.0/toolchain/avr8/avr8-gnu-toolchain/bin/../lib/gcc/avr/4.9.2/avr51\libgcc.a(_ctors.o)
 .text.libgcc   0x00000000        0x0 c:/program files (x86)/atmel/studio/7.0/toolchain/avr8/avr8-gnu-toolchain/bin/../lib/gcc/avr/4.9.2/avr51\libgcc.a(_ctors.o)
 .text.libgcc.prologue
                0x00000000        0x0 c:/program files (x86)/atmel/studio/7.0/toolchain/avr8/avr8-gnu-toolchain/bin/../lib/gcc/avr/4.9.2/avr51\libgcc.a(_ctors.o)
 .text.libgcc.builtins
                0x00000000        0x0 c:/program files (x86)/atmel/studio/7.0/toolchain/avr8/avr8-gnu-toolchain/bin/../lib/gcc/avr/4.9.2/avr51\libgcc.a(_ctors.o)
 .text.libgcc.fmul
                0x00000000        0x0 c:/program files (x86)/atmel/studio/7.0/toolchain/avr8/avr8-gnu-toolchain/bin/../lib/gcc/avr/4.9.2/avr51\libgcc.a(_ctors.o)
 .text.libgcc.fixed
                0x00000000        0x0 c:/program files (x86)/atmel/studio/7.0/toolchain/avr8/avr8-gnu-toolchain/bin/../lib/gcc/avr/4.9.2/avr51\libgcc.a(_ctors.o)
 .text          0x00000000        0x0 c:/program files (x86)/atmel/studio/7.0/toolchain/avr8/avr8-gnu-toolchain/bin/../lib/gcc/avr/4.9.2/avr51\libgcc.a(_umulhisi3.o)
 .data          0x00000000        0x0 c:/program files (x86)/atmel/studio/7.0/toolchain/avr8/avr8-gnu-toolchain/bin/../lib/gcc/avr/4.9.2/avr51\libgcc.a(_umulhisi3.o)
 .bss           0x00000000        0x0 c:/program files (x86)/atmel/studio/7.0/toolchain/avr8/avr8-gnu-toolchain/bin/../lib/gcc/avr/4.9.2/avr51\libgcc.a(_umulhisi3.o)
 .text.libgcc.div
                0x00000000        0x0 c:/program files (x86)/atmel/studio/7.0/toolchain/avr8/avr8-gnu-toolchain/bin/../lib/gcc/avr/4.9.2/avr51\libgcc.a(_umulhisi3.o)
 .text.libgcc   0x00000000        0x0 c:/program files (x86)/atmel/studio/7.0/toolchain/avr8/avr8-gnu-toolchain/bin/../lib/gcc/avr/4.9.2/avr51\libgcc.a(_umulhisi3.o)
 .text.libgcc.prologue
                0x00000000        0x0 c:/program files (x86)/atmel/studio/7.0/toolchain/avr8/avr8-gnu-toolchain/bin/../lib/gcc/avr/4.9.2/avr51\libgcc.a(_umulhisi3.o)
 .text.libgcc.builtins
                0x00000000        0x0 c:/program files (x86)/atmel/studio/7.0/toolchain/avr8/avr8-gnu-toolchain/bin/../lib/gcc/avr/4.9.2/avr51\libgcc.a(_umulhisi3.o)
 .text.libgcc.fmul
                0x00000000        0x0 c:/program files (x86)/atmel/studio/7.0/toolchain/avr8/avr8-gnu-toolchain/bin/../lib/gcc/avr/4.9.2/avr51\libgcc.a(_umulhisi3.o)
 .text.libgcc.fixed
                0x00000000        0x0 c:/program files (x86)/atmel/studio/7.0/toolchain/avr8/avr8-gnu-toolchain/bin/../lib/gcc/avr/4.9.2/avr51\libgcc.a(_umulhisi3.o)
 .text          0x00000000        0x0 c:/program files (x86)/atmel/studio/7.0/toolchain/avr8/avr8-gnu-toolchain/bin/../lib/gcc/avr/4.9.2/avr51\libgcc.a(_muluhisi3.o)
 .data          0x00000000        0x0 c:/program files (x86)/atmel/studio/7.0/toolchain/avr8/avr8-gnu-toolchain/bin/../lib/gcc/avr/4.9.2/avr51\libgcc.a(_muluhisi3.o)
 .bss           0x00000000        0x0 c:/program files (x86)/atmel/studio/7.0/toolchain/avr8/avr8-gnu-toolchain/bin/../lib/gcc/avr/4.9.2/avr51\libgcc.a(_muluhisi3.o)
 .text.libgcc.div
                0x00000000        0x0 c:/program files (x86)/atmel/studio/7.0/toolchain/avr8/avr8-gnu-toolchain/bin/../lib/gcc/avr/4.9.2/avr51\libgcc.a(_muluhisi3.o)
 .text.libgcc   0x00000000        0x0 c:/program files (x86)/atmel/studio/7.0/toolchain/avr8/avr8-gnu-toolchain/bin/../lib/gcc/avr/4.9.2/avr51\libgcc.a(_muluhisi3.o)
 .text.libgcc.prologue
                0x00000000        0x0 c:/program files (x86)/atmel/studio/7.0/toolchain/avr8/avr8-gnu-toolchain/bin/../lib/gcc/avr/4.9.2/avr51\libgcc.a(_muluhisi3.o)
 .text.libgcc.builtins
                0x00000000        0x0 c:/program files (x86)/atmel/studio/7.0/toolchain/avr8/avr8-gnu-toolchain/bin/../lib/gcc/avr/4.9.2/avr51\libgcc.a(_muluhisi3.o)
 .text.libgcc.fmul
                0x00000000        0x0 c:/program files (x86)/atmel/studio/7.0/toolchain/avr8/avr8-gnu-toolchain/bin/../lib/gcc/avr/4.9.2/avr51\libgcc.a(_muluhisi3.o)
 .text.libgcc.fixed
                0x00000000        0x0 c:/program files (x86)/atmel/studio/7.0/toolchain/avr8/avr8-gnu-toolchain/bin/../lib/gcc/avr/4.9.2/avr51\libgcc.a(_muluhisi3.o)
 .text          0x00000000        0x0 c:/program files (x86)/atmel/studio/7.0/toolchain/avr8/avr8-gnu-toolchain/bin/../lib/gcc/avr/4.9.2/avr51\libgcc.a(_tablejump2.o)
 .data          0x00000000        0x0 c:/program files (x86)/atmel/studio/7.0/toolchain/avr8/avr8-gnu-toolchain/bin/../lib/gcc/avr/4.9.2/avr51\libgcc.a(_tablejump2.o)
 .bss           0x00000000        0x0 c:/program files (x86)/atmel/studio/7.0/toolchain/avr8/avr8-gnu-toolchain/bin/../lib/gcc/avr/4.9.2/avr51\libgcc.a(_tablejump2.o)
 .text.libgcc.mul
                0x00000000        0x0 c:/program files (x86)/atmel/studio/7.0/toolchain/avr8/avr8-gnu-toolchain/bin/../lib/gcc/avr/4.9.2/avr51\libgcc.a(_tablejump2.o)
 .text.libgcc.div
                0x00000000        0x0 c:/program files (x86)/atmel/studio/7.0/toolchain/avr8/avr8-gnu-toolchain/bin/../lib/gcc/avr/4.9.2/avr51\libgcc.a(_tablejump2.o)
 .text.libgcc.prologue
                0x00000000        0x0 c:/program files (x86)/atmel/studio/7.0/toolchain/avr8/avr8-gnu-toolchain/bin/../lib/gcc/avr/4.9.2/avr51\libgcc.a(_tablejump2.o)
 .text.libgcc.builtins
                0x00000000        0x0 c:/program files (x86)/atmel/studio/7.0/toolchain/avr8/avr8-gnu-toolchain/bin/../lib/gcc/avr/4.9.2/avr51\libgcc.a(_tablejump2.o)
 .text.libgcc.fmul
                0x00000000        0x0 c:/program files (x86)/atmel/studio/7.0/toolchain/avr8/avr8-gnu-toolchain/bin/../lib/gcc/avr/4.9.2/avr51\libgcc.a(_tablejump2.o)
 .text.libgcc.fixed
                0x00000000        0x0 c:/program files (x86)/atmel/studio/7.0/toolchain/avr8/avr8-gnu-toolchain/bin/../lib/gcc/avr/4.9.2/avr51\libgcc.a(_tablejump2.o)
 .text          0x00000000        0x0 c:/program files (x86)/atmel/studio/7.0/toolchain/avr8/avr8-gnu-toolchain/bin/../lib/gcc/avr/4.9.2/../../../../avr/lib/avr51\libc.a(memcpy.o)
 .data          0x00000000        0x0 c:/program files (x86)/atmel/studio/7.0/toolchain/avr8/avr8-gnu-toolchain/bin/../lib/gcc/avr/4.9.2/../../../../avr/lib/avr51\libc.a(memcpy.o)
 .bss           0x00000000        0x0 c:/program files (x86)/atmel/studio/7.0/toolchain/avr8/avr8-gnu-toolchain/bin/../lib/gcc/avr/4.9.2/../../../../avr/lib/avr51\libc.a(memcpy.o)
 .text          0x00000000        0x0 c:/program files (x86)/atmel/studio/7.0/toolchain/avr8/avr8-gnu-toolchain/bin/../lib/gcc/avr/4.9.2/../../../../avr/lib/avr51\libc.a(memset.o)
 .data          0x00000000        0x0 c:/program files (x86)/atmel/studio/7.0/toolchain/avr8/avr8-gnu-toolchain/bin/../lib/gcc/avr/4.9.2/../../../../avr/lib/avr51\libc.a(memset.o)
 .bss           0x00000000        0x0 c:/program files (x86)/atmel/studio/7.0/toolchain/avr8/avr8-gnu-toolchain/bin/../lib/gcc/avr/4.9.2/../../../../avr/lib/avr51\libc.a(memset.o)
 .text          0x00000000        0x0 c:/program files (x86)/atmel/studio/7.0/toolchain/avr8/avr8-gnu-toolchain/bin/../lib/gcc/avr/4.9.2/../../../../avr/lib/avr51\libc.a(fdevopen.o)
 .data          0x00000000        0x0 c:/program files (x86)/atmel/studio/7.0/toolchain/avr8/avr8-gnu-toolchain/bin/../lib/gcc/avr/4.9.2/../../../../avr/lib/avr51\libc.a(fdevopen.o)
 .bss           0x00000000        0x0 c:/program files (x86)/atmel/studio/7.0/toolchain/avr8/avr8-gnu-toolchain/bin/../lib/gcc/avr/4.9.2/../../../../avr/lib/avr51\libc.a(fdevopen.o)
 .text          0x00000000        0x0 c:/program files (x86)/atmel/studio/7.0/toolchain/avr8/avr8-gnu-toolchain/bin/../lib/gcc/avr/4.9.2/../../../../avr/lib/avr51\libc.a(fgetc.o)
 .data          0x00000000        0x0 c:/program files (x86)/atmel/studio/7.0/toolchain/avr8/avr8-gnu-toolchain/bin/../lib/gcc/avr/4.9.2/../../../../avr/lib/avr51\libc.a(fgetc.o)
 .bss           0x00000000        0x0 c:/program files (x86)/atmel/studio/7.0/toolchain/avr8/avr8-gnu-toolchain/bin/../lib/gcc/avr/4.9.2/../../../../avr/lib/avr51\libc.a(fgetc.o)
 .text          0x00000000        0x0 c:/program files (x86)/atmel/studio/7.0/toolchain/avr8/avr8-gnu-toolchain/bin/../lib/gcc/avr/4.9.2/../../../../avr/lib/avr51\libc.a(iob.o)
 .data          0x00000000        0x0 c:/program files (x86)/atmel/studio/7.0/toolchain/avr8/avr8-gnu-toolchain/bin/../lib/gcc/avr/4.9.2/../../../../avr/lib/avr51\libc.a(iob.o)
 .bss           0x00000000        0x0 c:/program files (x86)/atmel/studio/7.0/toolchain/avr8/avr8-gnu-toolchain/bin/../lib/gcc/avr/4.9.2/../../../../avr/lib/avr51\libc.a(iob.o)
 .text          0x00000000        0x0 c:/program files (x86)/atmel/studio/7.0/toolchain/avr8/avr8-gnu-toolchain/bin/../lib/gcc/avr/4.9.2/../../../../avr/lib/avr51\libc.a(printf_p.o)
 .data          0x00000000        0x0 c:/program files (x86)/atmel/studio/7.0/toolchain/avr8/avr8-gnu-toolchain/bin/../lib/gcc/avr/4.9.2/../../../../avr/lib/avr51\libc.a(printf_p.o)
 .bss           0x00000000        0x0 c:/program files (x86)/atmel/studio/7.0/toolchain/avr8/avr8-gnu-toolchain/bin/../lib/gcc/avr/4.9.2/../../../../avr/lib/avr51\libc.a(printf_p.o)
 .text          0x00000000        0x0 c:/program files (x86)/atmel/studio/7.0/toolchain/avr8/avr8-gnu-toolchain/bin/../lib/gcc/avr/4.9.2/../../../../avr/lib/avr51\libc.a(vfprintf_p.o)
 .data          0x00000000        0x0 c:/program files (x86)/atmel/studio/7.0/toolchain/avr8/avr8-gnu-toolchain/bin/../lib/gcc/avr/4.9.2/../../../../avr/lib/avr51\libc.a(vfprintf_p.o)
 .bss           0x00000000        0x0 c:/program files (x86)/atmel/studio/7.0/toolchain/avr8/avr8-gnu-toolchain/bin/../lib/gcc/avr/4.9.2/../../../../avr/lib/avr51\libc.a(vfprintf_p.o)
 .text          0x00000000        0x0 c:/program files (x86)/atmel/studio/7.0/toolchain/avr8/avr8-gnu-toolchain/bin/../lib/gcc/avr/4.9.2/../../../../avr/lib/avr51\libc.a(vfprintf_std.o)
 .data          0x00000000        0x0 c:/program files (x86)/atmel/studio/7.0/toolchain/avr8/avr8-gnu-toolchain/bin/../lib/gcc/avr/4.9.2/../../../../avr/lib/avr51\libc.a(vfprintf_std.o)
 .bss           0x00000000        0x0 c:/program files (x86)/atmel/studio/7.0/toolchain/avr8/avr8-gnu-toolchain/bin/../lib/gcc/avr/4.9.2/../../../../avr/lib/avr51\libc.a(vfprintf_std.o)
 .text          0x00000000        0x0 c:/program files (x86)/atmel/studio/7.0/toolchain/avr8/avr8-gnu-toolchain/bin/../lib/gcc/avr/4.9.2/../../../../avr/lib/avr51\libc.a(calloc.o)
 .data          0x00000000        0x0 c:/program files (x86)/atmel/studio/7.0/toolchain/avr8/avr8-gnu-toolchain/bin/../lib/gcc/avr/4.9.2/../../../../avr/lib/avr51\libc.a(calloc.o)
 .bss           0x00000000        0x0 c:/program files (x86)/atmel/studio/7.0/toolchain/avr8/avr8-gnu-toolchain/bin/../lib/gcc/avr/4.9.2/../../../../avr/lib/avr51\libc.a(calloc.o)
 .text          0x00000000        0x0 c:/program files (x86)/atmel/studio/7.0/toolchain/avr8/avr8-gnu-toolchain/bin/../lib/gcc/avr/4.9.2/../../../../avr/lib/avr51\libc.a(malloc.o)
 .bss           0x00000000        0x0 c:/program files (x86)/atmel/studio/7.0/toolchain/avr8/avr8-gnu-toolchain/bin/../lib/gcc/avr/4.9.2/../../../../avr/lib/avr51\libc.a(malloc.o)
 .text          0x00000000        0x0 c:/program files (x86)/atmel/studio/7.0/toolchain/avr8/avr8-gnu-toolchain/bin/../lib/gcc/avr/4.9.2/../../../../avr/lib/avr51\libc.a(strnlen_P.o)
 .data          0x00000000        0x0 c:/program files (x86)/atmel/studio/7.0/toolchain/avr8/avr8-gnu-toolchain/bin/../lib/gcc/avr/4.9.2/../../../../avr/lib/avr51\libc.a(strnlen_P.o)
 .bss           0x00000000        0x0 c:/program files (x86)/atmel/studio/7.0/toolchain/avr8/avr8-gnu-toolchain/bin/../lib/gcc/avr/4.9.2/../../../../avr/lib/avr51\libc.a(strnlen_P.o)
 .text          0x00000000        0x0 c:/program files (x86)/atmel/studio/7.0/toolchain/avr8/avr8-gnu-toolchain/bin/../lib/gcc/avr/4.9.2/../../../../avr/lib/avr51\libc.a(strnlen.o)
 .data          0x00000000        0x0 c:/program files (x86)/atmel/studio/7.0/toolchain/avr8/avr8-gnu-toolchain/bin/../lib/gcc/avr/4.9.2/../../../../avr/lib/avr51\libc.a(strnlen.o)
 .bss           0x00000000        0x0 c:/program files (x86)/atmel/studio/7.0/toolchain/avr8/avr8-gnu-toolchain/bin/../lib/gcc/avr/4.9.2/../../../../avr/lib/avr51\libc.a(strnlen.o)
 .text          0x00000000        0x0 c:/program files (x86)/atmel/studio/7.0/toolchain/avr8/avr8-gnu-toolchain/bin/../lib/gcc/avr/4.9.2/../../../../avr/lib/avr51\libc.a(fputc.o)
 .data          0x00000000        0x0 c:/program files (x86)/atmel/studio/7.0/toolchain/avr8/avr8-gnu-toolchain/bin/../lib/gcc/avr/4.9.2/../../../../avr/lib/avr51\libc.a(fputc.o)
 .bss           0x00000000        0x0 c:/program files (x86)/atmel/studio/7.0/toolchain/avr8/avr8-gnu-toolchain/bin/../lib/gcc/avr/4.9.2/../../../../avr/lib/avr51\libc.a(fputc.o)
 .text          0x00000000        0x0 c:/program files (x86)/atmel/studio/7.0/toolchain/avr8/avr8-gnu-toolchain/bin/../lib/gcc/avr/4.9.2/../../../../avr/lib/avr51\libc.a(ultoa_invert.o)
 .data          0x00000000        0x0 c:/program files (x86)/atmel/studio/7.0/toolchain/avr8/avr8-gnu-toolchain/bin/../lib/gcc/avr/4.9.2/../../../../avr/lib/avr51\libc.a(ultoa_invert.o)
 .bss           0x00000000        0x0 c:/program files (x86)/atmel/studio/7.0/toolchain/avr8/avr8-gnu-toolchain/bin/../lib/gcc/avr/4.9.2/../../../../avr/lib/avr51\libc.a(ultoa_invert.o)
 .text          0x00000000        0x0 C:/Program Files (x86)/Atmel/Studio/7.0/Packs/atmel/ATmega_DFP/1.0.98/gcc/dev/atmega128/avr51\libatmega128.a(eerd_block.o)
 .data          0x00000000        0x0 C:/Program Files (x86)/Atmel/Studio/7.0/Packs/atmel/ATmega_DFP/1.0.98/gcc/dev/atmega128/avr51\libatmega128.a(eerd_block.o)
 .bss           0x00000000        0x0 C:/Program Files (x86)/Atmel/Studio/7.0/Packs/atmel/ATmega_DFP/1.0.98/gcc/dev/atmega128/avr51\libatmega128.a(eerd_block.o)
 .text          0x00000000        0x0 C:/Program Files (x86)/Atmel/Studio/7.0/Packs/atmel/ATmega_DFP/1.0.98/gcc/dev/atmega128/avr51\libatmega128.a(eerd_byte.o)
 .data          0x00000000        0x0 C:/Program Files (x86)/Atmel/Studio/7.0/Packs/atmel/ATmega_DFP/1.0.98/gcc/dev/atmega128/avr51\libatmega128.a(eerd_byte.o)
 .bss           0x00000000        0x0 C:/Program Files (x86)/Atmel/Studio/7.0/Packs/atmel/ATmega_DFP/1.0.98/gcc/dev/atmega128/avr51\libatmega128.a(eerd_byte.o)
 .text          0x00000000        0x0 C:/Program Files (x86)/Atmel/Studio/7.0/Packs/atmel/ATmega_DFP/1.0.98/gcc/dev/atmega128/avr51\libatmega128.a(eerd_word.o)
 .data          0x00000000        0x0 C:/Program Files (x86)/Atmel/Studio/7.0/Packs/atmel/ATmega_DFP/1.0.98/gcc/dev/atmega128/avr51\libatmega128.a(eerd_word.o)
 .bss           0x00000000        0x0 C:/Program Files (x86)/Atmel/Studio/7.0/Packs/atmel/ATmega_DFP/1.0.98/gcc/dev/atmega128/avr51\libatmega128.a(eerd_word.o)
 .text          0x00000000        0x0 C:/Program Files (x86)/Atmel/Studio/7.0/Packs/atmel/ATmega_DFP/1.0.98/gcc/dev/atmega128/avr51\libatmega128.a(eewr_block.o)
 .data          0x00000000        0x0 C:/Program Files (x86)/Atmel/Studio/7.0/Packs/atmel/ATmega_DFP/1.0.98/gcc/dev/atmega128/avr51\libatmega128.a(eewr_block.o)
 .bss           0x00000000        0x0 C:/Program Files (x86)/Atmel/Studio/7.0/Packs/atmel/ATmega_DFP/1.0.98/gcc/dev/atmega128/avr51\libatmega128.a(eewr_block.o)
 .text          0x00000000        0x0 C:/Program Files (x86)/Atmel/Studio/7.0/Packs/atmel/ATmega_DFP/1.0.98/gcc/dev/atmega128/avr51\libatmega128.a(eewr_byte.o)
 .data          0x00000000        0x0 C:/Program Files (x86)/Atmel/Studio/7.0/Packs/atmel/ATmega_DFP/1.0.98/gcc/dev/atmega128/avr51\libatmega128.a(eewr_byte.o)
 .bss           0x00000000        0x0 C:/Program Files (x86)/Atmel/Studio/7.0/Packs/atmel/ATmega_DFP/1.0.98/gcc/dev/atmega128/avr51\libatmega128.a(eewr_byte.o)
 .text          0x00000000        0x0 C:/Program Files (x86)/Atmel/Studio/7.0/Packs/atmel/ATmega_DFP/1.0.98/gcc/dev/atmega128/avr51\libatmega128.a(eewr_word.o)
 .data          0x00000000        0x0 C:/Program Files (x86)/Atmel/Studio/7.0/Packs/atmel/ATmega_DFP/1.0.98/gcc/dev/atmega128/avr51\libatmega128.a(eewr_word.o)
 .bss           0x00000000        0x0 C:/Program Files (x86)/Atmel/Studio/7.0/Packs/atmel/ATmega_DFP/1.0.98/gcc/dev/atmega128/avr51\libatmega128.a(eewr_word.o)

Memory Configuration

Name             Origin             Length             Attributes
text             0x00000000         0x00020000         xr
data             0x00800100         0x0000ff00         rw !x
eeprom           0x00810000         0x00010000         rw !x
fuse             0x00820000         0x00000400         rw !x
lock             0x00830000         0x00000400         rw !x
signature        0x00840000         0x00000400         rw !x
user_signatures  0x00850000         0x00000400         rw !x
*default*        0x00000000         0xffffffff

Linker script and memory map

Address of section .data set to 0x800100
LOAD C:/Program Files (x86)/Atmel/Studio/7.0/Packs/atmel/ATmega_DFP/1.0.98/gcc/dev/atmega128/avr51/crtatmega128.o
LOAD Adc.o
LOAD App.o
LOAD Curve.o
LOAD Dda.o
LOAD Dmx.o
LOAD Kbd.o
LOAD Lcd.o
LOAD Menue.o
LOAD Nvr.o
LOAD Scan.o
LOAD Spi.o
START GROUP
LOAD c:/program files (x86)/atmel/studio/7.0/toolchain/avr8/avr8-gnu-toolchain/bin/../lib/gcc/avr/4.9.2/../../../../avr/lib/avr51\libm.a
END GROUP
LOAD c:/program files (x86)/atmel/studio/7.0/toolchain/avr8/avr8-gnu-toolchain/bin/../lib/gcc/avr/4.9.2/avr51\libgcc.a
LOAD c:/program files (x86)/atmel/studio/7.0/toolchain/avr8/avr8-gnu-toolchain/bin/../lib/gcc/avr/4.9.2/../../../../avr/lib/avr51\libm.a
START GROUP
LOAD c:/program files (x86)/atmel/studio/7.0/toolchain/avr8/avr8-gnu-toolchain/bin/../lib/gcc/avr/4.9.2/avr51\libgcc.a
LOAD c:/program files (x86)/atmel/studio/7.0/toolchain/avr8/avr8-gnu-toolchain/bin/../lib/gcc/avr/4.9.2/../../../../avr/lib/avr51\libm.a
LOAD c:/program files (x86)/atmel/studio/7.0/toolchain/avr8/avr8-gnu-toolchain/bin/../lib/gcc/avr/4.9.2/../../../../avr/lib/avr51\libc.a
LOAD C:/Program Files (x86)/Atmel/Studio/7.0/Packs/atmel/ATmega_DFP/1.0.98/gcc/dev/atmega128/avr51\libatmega128.a
END GROUP

.hash
 *(.hash)

.dynsym
 *(.dynsym)

.dynstr
 *(.dynstr)

.gnu.version
 *(.gnu.version)

.gnu.version_d
 *(.gnu.version_d)

.gnu.version_r
 *(.gnu.version_r)

.rel.init
 *(.rel.init)

.rela.init
 *(.rela.init)

.rel.text
 *(.rel.text)
 *(.rel.text.*)
 *(.rel.gnu.linkonce.t*)

.rela.text
 *(.rela.text)
 *(.rela.text.*)
 *(.rela.gnu.linkonce.t*)

.rel.fini
 *(.rel.fini)

.rela.fini
 *(.rela.fini)

.rel.rodata
 *(.rel.rodata)
 *(.rel.rodata.*)
 *(.rel.gnu.linkonce.r*)

.rela.rodata
 *(.rela.rodata)
 *(.rela.rodata.*)
 *(.rela.gnu.linkonce.r*)

.rel.data
 *(.rel.data)
 *(.rel.data.*)
 *(.rel.gnu.linkonce.d*)

.rela.data
 *(.rela.data)
 *(.rela.data.*)
 *(.rela.gnu.linkonce.d*)

.rel.ctors
 *(.rel.ctors)

.rela.ctors
 *(.rela.ctors)

.rel.dtors
 *(.rel.dtors)

.rela.dtors
 *(.rela.dtors)

.rel.got
 *(.rel.got)

.rela.got
 *(.rela.got)

.rel.bss
 *(.rel.bss)

.rela.bss
 *(.rela.bss)

.rel.plt
 *(.rel.plt)

.rela.plt
 *(.rela.plt)

.text           0x00000000     0x6afe
 *(.vectors)
 .vectors       0x00000000       0x8c C:/Program Files (x86)/Atmel/Studio/7.0/Packs/atmel/ATmega_DFP/1.0.98/gcc/dev/atmega128/avr51/crtatmega128.o
                0x00000000                __vector_default
                0x00000000                __vectors
 *(.vectors)
 *(.progmem.gcc*)
                0x0000008c                . = ALIGN (0x2)
                0x0000008c                __trampolines_start = .
 *(.trampolines)
 .trampolines   0x0000008c        0x0 linker stubs
 *(.trampolines*)
                0x0000008c                __trampolines_end = .
 *(.progmem*)
 .progmem.data._ZZN3App9dmxScreenEvE3__c
                0x0000008c       0x11 App.o
 .progmem.data._ZZN3App9dmxScreenEvE3__c_0
                0x0000009d        0x5 App.o
 .progmem.data._ZZN3App9dmxScreenEvE3__c_1
                0x000000a2        0x4 App.o
 .progmem.data._ZZN3App9dmxScreenEvE3__c_2
                0x000000a6        0x5 App.o
 .progmem.data._ZZN3App9dmxScreenEvE3__c_3
                0x000000ab        0x4 App.o
 .progmem.data._ZZN3App9dmxScreenEvE3__c_4
                0x000000af        0x5 App.o
 .progmem.data._ZZN3App9dmxScreenEvE3__c_5
                0x000000b4        0x4 App.o
 .progmem.data._ZZN3App11localScreenEvE3__c
                0x000000b8        0x7 App.o
 .progmem.data._ZZN3App11localScreenEvE3__c_0
                0x000000bf        0x7 App.o
 .progmem.data._ZZN3App11localScreenEvE3__c_1
                0x000000c6        0x7 App.o
 .progmem.data._ZZN3App11localScreenEvE3__c_2
                0x000000cd        0x5 App.o
 .progmem.data._ZZN3App11localScreenEvE3__c_3
                0x000000d2        0x7 App.o
 .progmem.data._ZZN3App11localScreenEvE3__c_4
                0x000000d9        0x7 App.o
 .progmem.data._ZZN3App11localScreenEvE3__c_5
                0x000000e0        0x7 App.o
 .progmem.data._ZZN3App11localScreenEvE3__c_6
                0x000000e7        0x5 App.o
 .progmem.data._ZZN3App11localScreenEvE3__c_7
                0x000000ec        0x7 App.o
 .progmem.data._ZZN3App11localScreenEvE3__c_8
                0x000000f3        0x7 App.o
 .progmem.data._ZZN3App11localScreenEvE3__c_9
                0x000000fa        0x7 App.o
 .progmem.data._ZZN3App11localScreenEvE3__c_10
                0x00000101        0x5 App.o
 .progmem.data._ZZN3App11localScreenEvE3__c_11
                0x00000106        0x7 App.o
 .progmem.data._ZZN3App11localScreenEvE3__c_12
                0x0000010d        0x7 App.o
 .progmem.data._ZZN3App11localScreenEvE3__c_13
                0x00000114        0x7 App.o
 .progmem.data._ZZN3App11localScreenEvE3__c_14
                0x0000011b        0x5 App.o
 .progmem.data._ZZN3App11localScreenEvE3__c_15
                0x00000120        0x7 App.o
 .progmem.data._ZZN3App11localScreenEvE3__c_16
                0x00000127        0x7 App.o
 .progmem.data._ZZN3App11localScreenEvE3__c_17
                0x0000012e        0x7 App.o
 .progmem.data._ZZN3App11localScreenEvE3__c_18
                0x00000135        0x5 App.o
 .progmem.data._ZZN3App11localScreenEvE3__c_19
                0x0000013a        0x7 App.o
 .progmem.data._ZZN3App11localScreenEvE3__c_20
                0x00000141        0x7 App.o
 .progmem.data._ZZN3App11localScreenEvE3__c_21
                0x00000148        0x7 App.o
 .progmem.data._ZZN3App11localScreenEvE3__c_22
                0x0000014f        0x5 App.o
 .progmem.data._ZZN3App3runEvE3__c
                0x00000154       0x11 App.o
 .progmem.data._ZZN3App3runEvE3__c_0
                0x00000165       0x15 App.o
 .progmem.data._ZZN3App3runEvE3__c_1
                0x0000017a       0x11 App.o
 .progmem.data._ZN5Curve6cPowerE
                0x0000018b      0x100 Curve.o
                0x0000018b                _ZN5Curve6cPowerE
 .progmem.data._ZN5Curve3outE
                0x0000028b      0x500 Curve.o
                0x0000028b                _ZN5Curve3outE
 .progmem.data._ZZN5Menue4baseEvE3__c
                0x0000078b       0x11 Menue.o
 .progmem.data._ZZN5Menue4baseEvE3__c_0
                0x0000079c       0x11 Menue.o
 .progmem.data._ZZN5Menue4baseEvE3__c_1
                0x000007ad       0x11 Menue.o
 .progmem.data._ZZN5Menue3memEvE3__c
                0x000007be       0x11 Menue.o
 .progmem.data._ZZN5Menue3memEvE3__c_0
                0x000007cf       0x12 Menue.o
 .progmem.data._ZZN5Menue3memEvE3__c_1
                0x000007e1       0x11 Menue.o
 .progmem.data._ZZN5Menue3memEvE3__c_2
                0x000007f2       0x11 Menue.o
 .progmem.data._ZZN5Menue3memEvE3__c_3
                0x00000803       0x12 Menue.o
 .progmem.data._ZZN5Menue3memEvE3__c_4
                0x00000815       0x11 Menue.o
 .progmem.data._ZZN5Menue3memEvE3__c_5
                0x00000826       0x11 Menue.o
 .progmem.data._ZZN5Menue3memEvE3__c_6
                0x00000837       0x11 Menue.o
 .progmem.data._ZZN5Menue3memEvE3__c_7
                0x00000848       0x12 Menue.o
 .progmem.data._ZZN5Menue3memEvE3__c_8
                0x0000085a       0x11 Menue.o
 .progmem.data._ZZN5Menue3memEvE3__c_9
                0x0000086b       0x11 Menue.o
 .progmem.data._ZZN5Menue10memStoreToEvE3__c
                0x0000087c       0x11 Menue.o
 .progmem.data._ZZN5Menue10memStoreToEvE3__c_0
                0x0000088d       0x13 Menue.o
 .progmem.data._ZZN5Menue10memStoreToEvE3__c_1
                0x000008a0       0x13 Menue.o
 .progmem.data._ZZN5Menue7memEditEvE3__c
                0x000008b3       0x11 Menue.o
 .progmem.data._ZZN5Menue7memEditEvE3__c_0
                0x000008c4       0x11 Menue.o
 .progmem.data._ZZN5Menue7memEditEvE3__c_1
                0x000008d5       0x11 Menue.o
 .progmem.data._ZZN5Menue7memEditEvE3__c_2
                0x000008e6       0x11 Menue.o
 .progmem.data._ZZN5Menue7memEditEvE3__c_3
                0x000008f7       0x11 Menue.o
 .progmem.data._ZZN5Menue7memEditEvE3__c_4
                0x00000908       0x11 Menue.o
 .progmem.data._ZZN5Menue7memEditEvE3__c_5
                0x00000919       0x11 Menue.o
 .progmem.data._ZZN5Menue7memEditEvE3__c_6
                0x0000092a       0x11 Menue.o
 .progmem.data._ZZN5Menue7memEditEvE3__c_7
                0x0000093b       0x11 Menue.o
 .progmem.data._ZZN5Menue7memEditEvE3__c_8
                0x0000094c       0x11 Menue.o
 .progmem.data._ZZN5Menue7memEditEvE3__c_9
                0x0000095d       0x12 Menue.o
 .progmem.data._ZZN5Menue7memEditEvE3__c_10
                0x0000096f       0x11 Menue.o
 .progmem.data._ZZN5Menue7memEditEvE3__c_11
                0x00000980       0x11 Menue.o
 .progmem.data._ZZN5Menue7memEditEvE3__c_12
                0x00000991       0x11 Menue.o
 .progmem.data._ZZN5Menue7memEditEvE3__c_13
                0x000009a2       0x11 Menue.o
 .progmem.data._ZZN5Menue7memEditEvE3__c_14
                0x000009b3       0x11 Menue.o
 .progmem.data._ZZN5Menue7memEditEvE3__c_15
                0x000009c4       0x11 Menue.o
 .progmem.data._ZZN5Menue7memEditEvE3__c_16
                0x000009d5       0x11 Menue.o
 .progmem.data._ZZN5Menue7memEditEvE3__c_17
                0x000009e6       0x11 Menue.o
 .progmem.data._ZZN5Menue7memEditEvE3__c_18
                0x000009f7       0x11 Menue.o
 .progmem.data._ZZN5Menue14memNonExistentEiE3__c
                0x00000a08       0x12 Menue.o
 .progmem.data._ZZN5Menue14memNonExistentEiE3__c_0
                0x00000a1a       0x11 Menue.o
 .progmem.data._ZZN5Menue14memNonExistentEiE3__c_1
                0x00000a2b       0x11 Menue.o
 .progmem.data._ZZN5Menue4playEvE3__c
                0x00000a3c       0x11 Menue.o
 .progmem.data._ZZN5Menue4playEvE3__c_0
                0x00000a4d       0x12 Menue.o
 .progmem.data._ZZN5Menue4playEvE3__c_1
                0x00000a5f       0x11 Menue.o
 .progmem.data._ZZN5Menue4playEvE3__c_2
                0x00000a70       0x11 Menue.o
 .progmem.data._ZZN5Menue9playXfadeEvE3__c
                0x00000a81       0x11 Menue.o
 .progmem.data._ZZN5Menue9playXfadeEvE3__c_0
                0x00000a92       0x12 Menue.o
 .progmem.data._ZZN5Menue9playXfadeEvE3__c_1
                0x00000aa4       0x11 Menue.o
 .progmem.data._ZZN5Menue9playXfadeEvE3__c_2
                0x00000ab5        0x4 Menue.o
 .progmem.data._ZZN5Menue9playXfadeEvE3__c_3
                0x00000ab9        0x3 Menue.o
 .progmem.data._ZZN5Menue5setupEvE3__c
                0x00000abc       0x11 Menue.o
 .progmem.data._ZZN5Menue5setupEvE3__c_0
                0x00000acd       0x11 Menue.o
 .progmem.data._ZZN5Menue5setupEvE3__c_1
                0x00000ade       0x11 Menue.o
 .progmem.data._ZZN5Menue8setupDmxEvE3__c
                0x00000aef       0x11 Menue.o
 .progmem.data._ZZN5Menue8setupDmxEvE3__c_0
                0x00000b00       0x11 Menue.o
 .progmem.data._ZZN5Menue10setupCurveEvE3__c
                0x00000b11       0x11 Menue.o
 .progmem.data._ZZN5Menue10setupCurveEvE3__c_0
                0x00000b22       0x11 Menue.o
 .progmem.data._ZZN5Menue10setupCurveEvE3__c_1
                0x00000b33        0x7 Menue.o
 .progmem.data._ZZN5Menue10setupCurveEvE3__c_2
                0x00000b3a        0x7 Menue.o
 .progmem.data._ZZN5Menue10setupCurveEvE3__c_3
                0x00000b41        0x6 Menue.o
 .progmem.data._ZZN5Menue13voltageScreenEvE3__c
                0x00000b47       0x11 Menue.o
 .progmem.data._ZZN5Menue13voltageScreenEvE3__c_0
                0x00000b58        0x8 Menue.o
 .progmem.data._ZZN5Menue13voltageScreenEvE3__c_1
                0x00000b60        0x8 Menue.o
 .progmem.data._ZZN5Menue13voltageScreenEvE3__c_2
                0x00000b68        0x8 Menue.o
 .progmem.data._ZZN5Menue9setupVrefEvE3__c
                0x00000b70       0x11 Menue.o
 .progmem.data._ZZN5Menue9setupVrefEvE3__c_0
                0x00000b81       0x11 Menue.o
 .progmem.data._ZZN5Menue9setupVrefEvE3__c_1
                0x00000b92        0x6 Menue.o
 .progmem.data._ZZN5Menue9setupVrefEvE3__c_2
                0x00000b98        0x6 Menue.o
 .progmem.data._ZZN5Menue9setupVrefEvE3__c_3
                0x00000b9e        0x4 Menue.o
 .progmem.data._ZZN5Menue6doEditERjhhjjE3__c
                0x00000ba2        0x5 Menue.o
 .progmem.data._ZZN5Menue6doEditERjhhjjE3__c_0
                0x00000ba7        0x5 Menue.o
 .progmem.data._ZZN5Menue9memSelectEvE3__c
                0x00000bac       0x13 Menue.o
 .progmem.data._ZZN5Menue9memSelectEvE3__c_0
                0x00000bbf       0x13 Menue.o
 .progmem.data._ZN3Spi8phaseTabE
                0x00000bd2       0x18 Spi.o
                0x00000bd2                _ZN3Spi8phaseTabE
 .progmem.data._ZN3Spi8phasePtrE
                0x00000bea       0x18 Spi.o
                0x00000bea                _ZN3Spi8phasePtrE
                0x00000c02                . = ALIGN (0x2)
 *(.jumptables)
 *(.jumptables*)
 *(.lowtext)
 *(.lowtext*)
                0x00000c02                __ctors_start = .
 *(.ctors)
 .ctors         0x00000c02        0x2 Adc.o
 .ctors         0x00000c04        0x2 App.o
 .ctors         0x00000c06        0x2 Curve.o
 .ctors         0x00000c08        0x2 Dmx.o
 .ctors         0x00000c0a        0x2 Kbd.o
 .ctors         0x00000c0c        0x2 Lcd.o
 .ctors         0x00000c0e        0x2 Nvr.o
 .ctors         0x00000c10        0x2 Scan.o
 .ctors         0x00000c12        0x2 Spi.o
                0x00000c14                __ctors_end = .
                0x00000c14                __dtors_start = .
 *(.dtors)
                0x00000c14                __dtors_end = .
 SORT(*)(.ctors)
 SORT(*)(.dtors)
 *(.init0)
 .init0         0x00000c14        0x0 C:/Program Files (x86)/Atmel/Studio/7.0/Packs/atmel/ATmega_DFP/1.0.98/gcc/dev/atmega128/avr51/crtatmega128.o
                0x00000c14                __init
 *(.init0)
 *(.init1)
 *(.init1)
 *(.init2)
 .init2         0x00000c14        0xc C:/Program Files (x86)/Atmel/Studio/7.0/Packs/atmel/ATmega_DFP/1.0.98/gcc/dev/atmega128/avr51/crtatmega128.o
 *(.init2)
 *(.init3)
 *(.init3)
 *(.init4)
 .init4         0x00000c20       0x1a c:/program files (x86)/atmel/studio/7.0/toolchain/avr8/avr8-gnu-toolchain/bin/../lib/gcc/avr/4.9.2/avr51\libgcc.a(_copy_data.o)
                0x00000c20                __do_copy_data
 .init4         0x00000c3a       0x10 c:/program files (x86)/atmel/studio/7.0/toolchain/avr8/avr8-gnu-toolchain/bin/../lib/gcc/avr/4.9.2/avr51\libgcc.a(_clear_bss.o)
                0x00000c3a                __do_clear_bss
 *(.init4)
 *(.init5)
 *(.init5)
 *(.init6)
 .init6         0x00000c4a       0x16 c:/program files (x86)/atmel/studio/7.0/toolchain/avr8/avr8-gnu-toolchain/bin/../lib/gcc/avr/4.9.2/avr51\libgcc.a(_ctors.o)
                0x00000c4a                __do_global_ctors
 *(.init6)
 *(.init7)
 *(.init7)
 *(.init8)
 *(.init8)
 *(.init9)
 .init9         0x00000c60        0x6 C:/Program Files (x86)/Atmel/Studio/7.0/Packs/atmel/ATmega_DFP/1.0.98/gcc/dev/atmega128/avr51/crtatmega128.o
 *(.init9)
 *(.text)
 .text          0x00000c66        0x2 C:/Program Files (x86)/Atmel/Studio/7.0/Packs/atmel/ATmega_DFP/1.0.98/gcc/dev/atmega128/avr51/crtatmega128.o
                0x00000c66                __vector_22
                0x00000c66                __vector_28
                0x00000c66                __vector_1
                0x00000c66                __vector_32
                0x00000c66                __vector_34
                0x00000c66                __vector_24
                0x00000c66                __bad_interrupt
                0x00000c66                __vector_6
                0x00000c66                __vector_31
                0x00000c66                __vector_3
                0x00000c66                __vector_23
                0x00000c66                __vector_25
                0x00000c66                __vector_11
                0x00000c66                __vector_13
                0x00000c66                __vector_17
                0x00000c66                __vector_19
                0x00000c66                __vector_7
                0x00000c66                __vector_27
                0x00000c66                __vector_5
                0x00000c66                __vector_33
                0x00000c66                __vector_4
                0x00000c66                __vector_9
                0x00000c66                __vector_2
                0x00000c66                __vector_15
                0x00000c66                __vector_29
                0x00000c66                __vector_8
                0x00000c66                __vector_26
                0x00000c66                __vector_14
                0x00000c66                __vector_10
                0x00000c66                __vector_16
                0x00000c66                __vector_20
                0x00000c68                . = ALIGN (0x2)
 *(.text.*)
 .text._ZN3AdcC2Ev
                0x00000c68       0x18 Adc.o
                0x00000c68                _ZN3AdcC1Ev
                0x00000c68                _ZN3AdcC2Ev
 .text._ZN3Adc4scanEv
                0x00000c80       0x22 Adc.o
                0x00000c80                _ZN3Adc4scanEv
 .text._ZN3Adc6adcIntEv
                0x00000ca2       0xfa Adc.o
                0x00000ca2                _ZN3Adc6adcIntEv
 .text.__vector_21
                0x00000d9c       0x62 Adc.o
                0x00000d9c                __vector_21
 .text._Z41__static_initialization_and_destruction_0ii
                0x00000dfe       0x38 Adc.o
 .text._GLOBAL__sub_I__ZN3Adc3adcE
                0x00000e36       0x18 Adc.o
 .text._ZN3AppC2Ev
                0x00000e4e       0x18 App.o
                0x00000e4e                _ZN3AppC2Ev
                0x00000e4e                _ZN3AppC1Ev
 .text._ZN3App9dmxScreenEv
                0x00000e66      0x2ae App.o
                0x00000e66                _ZN3App9dmxScreenEv
 .text._ZN3App11localScreenEv
                0x00001114      0x896 App.o
                0x00001114                _ZN3App11localScreenEv
 .text._ZN3App3runEv
                0x000019aa       0xfe App.o
                0x000019aa                _ZN3App3runEv
 .text.main     0x00001aa8       0x18 App.o
                0x00001aa8                main
 .text._Z41__static_initialization_and_destruction_0ii
                0x00001ac0       0x38 App.o
 .text._GLOBAL__sub_I__ZN3App3appE
                0x00001af8       0x18 App.o
 .text._ZN5CurveC2Ev
                0x00001b10       0x18 Curve.o
                0x00001b10                _ZN5CurveC2Ev
                0x00001b10                _ZN5CurveC1Ev
 .text._ZN5Curve6getRmsEhh
                0x00001b28       0x56 Curve.o
                0x00001b28                _ZN5Curve6getRmsEhh
 .text._ZN5Curve13getPhaseAngleEh
                0x00001b7e       0x36 Curve.o
                0x00001b7e                _ZN5Curve13getPhaseAngleEh
 .text._Z41__static_initialization_and_destruction_0ii
                0x00001bb4       0x38 Curve.o
 .text._GLOBAL__sub_I__ZN5Curve5curveE
                0x00001bec       0x18 Curve.o
 .text._ZN3Dda4initEiiii
                0x00001c04      0x112 Dda.o
                0x00001c04                _ZN3Dda4initEiiii
 .text._ZN3Dda4nextEv
                0x00001d16      0x150 Dda.o
                0x00001d16                _ZN3Dda4nextEv
 .text._ZN3DmxC2Ev
                0x00001e66       0x88 Dmx.o
                0x00001e66                _ZN3DmxC2Ev
                0x00001e66                _ZN3DmxC1Ev
 .text._ZN3Dmx7dmx1IntEv
                0x00001eee      0x13e Dmx.o
                0x00001eee                _ZN3Dmx7dmx1IntEv
 .text.__vector_18
                0x0000202c       0x62 Dmx.o
                0x0000202c                __vector_18
 .text._ZN3Dmx7dmx2IntEv
                0x0000208e      0x13e Dmx.o
                0x0000208e                _ZN3Dmx7dmx2IntEv
 .text.__vector_30
                0x000021cc       0x62 Dmx.o
                0x000021cc                __vector_30
 .text._ZN3Dmx5mergeEv
                0x0000222e      0x178 Dmx.o
                0x0000222e                _ZN3Dmx5mergeEv
 .text._Z41__static_initialization_and_destruction_0ii
                0x000023a6       0x38 Dmx.o
 .text._GLOBAL__sub_I__ZN3Dmx3dmxE
                0x000023de       0x18 Dmx.o
 .text._getChar
                0x000023f6       0x38 Kbd.o
                0x000023f6                _getChar
 .text._ZN3KbdC2Ev
                0x0000242e       0x34 Kbd.o
                0x0000242e                _ZN3KbdC1Ev
                0x0000242e                _ZN3KbdC2Ev
 .text._ZN3Kbd4scanEv
                0x00002462       0xee Kbd.o
                0x00002462                _ZN3Kbd4scanEv
 .text._ZN3Kbd3getEv
                0x00002550       0x54 Kbd.o
                0x00002550                _ZN3Kbd3getEv
 .text._Z41__static_initialization_and_destruction_0ii
                0x000025a4       0x38 Kbd.o
 .text._GLOBAL__sub_I__ZN3Kbd3kbdE
                0x000025dc       0x18 Kbd.o
 .text._putChar
                0x000025f4       0x26 Lcd.o
                0x000025f4                _putChar
 .text._ZN3LcdC2Ev
                0x0000261a      0x134 Lcd.o
                0x0000261a                _ZN3LcdC2Ev
                0x0000261a                _ZN3LcdC1Ev
 .text._ZN3Lcd6tstDspEv
                0x0000274e       0x90 Lcd.o
                0x0000274e                _ZN3Lcd6tstDspEv
 .text._ZN3Lcd12setInterfaceEv
                0x000027de       0x84 Lcd.o
                0x000027de                _ZN3Lcd12setInterfaceEv
 .text._ZN3Lcd10outCommandEh
                0x00002862       0x8c Lcd.o
                0x00002862                _ZN3Lcd10outCommandEh
 .text._ZN3Lcd5writeEh
                0x000028ee       0x82 Lcd.o
                0x000028ee                _ZN3Lcd5writeEh
 .text._ZN3Lcd4goToEhh
                0x00002970       0x76 Lcd.o
                0x00002970                _ZN3Lcd4goToEhh
 .text._ZN3Lcd5printEhhPKcz
                0x000029e6       0x3c Lcd.o
                0x000029e6                _ZN3Lcd5printEhhPKcz
 .text._ZN3Lcd5clearEv
                0x00002a22       0x28 Lcd.o
                0x00002a22                _ZN3Lcd5clearEv
 .text._Z41__static_initialization_and_destruction_0ii
                0x00002a4a       0x38 Lcd.o
 .text._GLOBAL__sub_I__ZN3Lcd3lcdE
                0x00002a82       0x18 Lcd.o
 .text._ZN3Adc6getRmsEh
                0x00002a9a       0x34 Menue.o
                0x00002a9a                _ZN3Adc6getRmsEh
 .text._ZN5Menue4baseEv
                0x00002ace      0x110 Menue.o
                0x00002ace                _ZN5Menue4baseEv
 .text._ZN5Menue3memEv
                0x00002bde      0x2ec Menue.o
                0x00002bde                _ZN5Menue3memEv
 .text._ZN5Menue10memStoreToEv
                0x00002eca      0x164 Menue.o
                0x00002eca                _ZN5Menue10memStoreToEv
 .text._ZN5Menue7memEditEv
                0x0000302e      0x5cc Menue.o
                0x0000302e                _ZN5Menue7memEditEv
 .text._ZN5Menue14memNonExistentEi
                0x000035fa       0xbe Menue.o
                0x000035fa                _ZN5Menue14memNonExistentEi
 .text._ZN5Menue4playEv
                0x000036b8      0x198 Menue.o
                0x000036b8                _ZN5Menue4playEv
 .text._ZN5Menue9playXfadeEv
                0x00003850      0x172 Menue.o
                0x00003850                _ZN5Menue9playXfadeEv
 .text._ZN5Menue5setupEv
                0x000039c2      0x106 Menue.o
                0x000039c2                _ZN5Menue5setupEv
 .text._ZN5Menue8setupDmxEv
                0x00003ac8       0xdc Menue.o
                0x00003ac8                _ZN5Menue8setupDmxEv
 .text._ZN5Menue10setupCurveEv
                0x00003ba4      0x292 Menue.o
                0x00003ba4                _ZN5Menue10setupCurveEv
 .text._ZN5Menue13voltageScreenEv
                0x00003e36      0x29c Menue.o
                0x00003e36                _ZN5Menue13voltageScreenEv
 .text._ZN5Menue9setupVrefEv
                0x000040d2      0x390 Menue.o
                0x000040d2                _ZN5Menue9setupVrefEv
 .text._ZN5Menue6doEditERjhhjj
                0x00004462      0x3ee Menue.o
                0x00004462                _ZN5Menue6doEditERjhhjj
 .text._ZN5Menue9memSelectEv
                0x00004850      0x238 Menue.o
                0x00004850                _ZN5Menue9memSelectEv
 .text._ZN5Menue5delayEv
                0x00004a88       0x5a Menue.o
                0x00004a88                _ZN5Menue5delayEv
 .text._ZN5Menue5getchEv
                0x00004ae2       0x2e Menue.o
                0x00004ae2                _ZN5Menue5getchEv
 .text._ZN3Nvr13initFirstTimeEv
                0x00004b10      0x138 Nvr.o
                0x00004b10                _ZN3Nvr13initFirstTimeEv
 .text._ZN3NvrC2Ev
                0x00004c48       0xc4 Nvr.o
                0x00004c48                _ZN3NvrC2Ev
                0x00004c48                _ZN3NvrC1Ev
 .text._ZN3Nvr10writeSetupEv
                0x00004d0c       0x5a Nvr.o
                0x00004d0c                _ZN3Nvr10writeSetupEv
 .text._ZN3Nvr5memGoEv
                0x00004d66       0xe2 Nvr.o
                0x00004d66                _ZN3Nvr5memGoEv
 .text._ZN3Nvr7memGoToEc
                0x00004e48       0xe2 Nvr.o
                0x00004e48                _ZN3Nvr7memGoToEc
 .text._ZN3Nvr7memBackEv
                0x00004f2a       0xdc Nvr.o
                0x00004f2a                _ZN3Nvr7memBackEv
 .text._ZN3Nvr11memCancelGoEv
                0x00005006       0x38 Nvr.o
                0x00005006                _ZN3Nvr11memCancelGoEv
 .text._ZN3Nvr8memStoreEv
                0x0000503e      0x106 Nvr.o
                0x0000503e                _ZN3Nvr8memStoreEv
 .text._ZN3Nvr10memStoreToEh
                0x00005144       0x9e Nvr.o
                0x00005144                _ZN3Nvr10memStoreToEh
 .text._ZN3Nvr10memGetTimeEh
                0x000051e2       0x6a Nvr.o
                0x000051e2                _ZN3Nvr10memGetTimeEh
 .text._ZN3Nvr10memSetTimeEhj
                0x0000524c       0x78 Nvr.o
                0x0000524c                _ZN3Nvr10memSetTimeEhj
 .text._ZN3Nvr9memDeleteEh
                0x000052c4       0xd8 Nvr.o
                0x000052c4                _ZN3Nvr9memDeleteEh
 .text._ZN3Nvr8memClearEv
                0x0000539c       0x8a Nvr.o
                0x0000539c                _ZN3Nvr8memClearEv
 .text._Z41__static_initialization_and_destruction_0ii
                0x00005426       0x38 Nvr.o
 .text._GLOBAL__sub_I__ZN3Nvr3nvrE
                0x0000545e       0x18 Nvr.o
 .text._ZN3Spi11getPhasePtrEh
                0x00005476       0x36 Scan.o
                0x00005476                _ZN3Spi11getPhasePtrEh
 .text._ZN3Spi11getPhaseTabEh
                0x000054ac       0x36 Scan.o
                0x000054ac                _ZN3Spi11getPhaseTabEh
 .text._ZN4ScanC2Ev
                0x000054e2       0x54 Scan.o
                0x000054e2                _ZN4ScanC2Ev
                0x000054e2                _ZN4ScanC1Ev
 .text._ZN4Scan3maxEhh
                0x00005536       0x26 Scan.o
                0x00005536                _ZN4Scan3maxEhh
 .text._ZN4Scan5xfadeEv
                0x0000555c      0x19a Scan.o
                0x0000555c                _ZN4Scan5xfadeEv
 .text._ZN4Scan7xfadeGoEv
                0x000056f6       0x50 Scan.o
                0x000056f6                _ZN4Scan7xfadeGoEv
 .text._ZN4Scan13xfadeCancelGoEv
                0x00005746       0x60 Scan.o
                0x00005746                _ZN4Scan13xfadeCancelGoEv
 .text._ZN4Scan11scanOutputsEv
                0x000057a6      0x24c Scan.o
                0x000057a6                _ZN4Scan11scanOutputsEv
 .text._ZN4Scan7scanAllEv
                0x000059f2       0x90 Scan.o
                0x000059f2                _ZN4Scan7scanAllEv
 .text.__vector_12
                0x00005a82       0x88 Scan.o
                0x00005a82                __vector_12
 .text._Z41__static_initialization_and_destruction_0ii
                0x00005b0a       0x38 Scan.o
 .text._GLOBAL__sub_I__ZN4Scan4scanE
                0x00005b42       0x18 Scan.o
 .text._ZN3SpiC2Ev
                0x00005b5a       0x36 Spi.o
                0x00005b5a                _ZN3SpiC2Ev
                0x00005b5a                _ZN3SpiC1Ev
 .text._ZN3Spi4scanEv
                0x00005b90      0x45e Spi.o
                0x00005b90                _ZN3Spi4scanEv
 .text._Z41__static_initialization_and_destruction_0ii
                0x00005fee       0x38 Spi.o
 .text._GLOBAL__sub_I__ZN3Spi3spiE
                0x00006026       0x18 Spi.o
 .text.libgcc.mul
                0x0000603e       0x1e c:/program files (x86)/atmel/studio/7.0/toolchain/avr8/avr8-gnu-toolchain/bin/../lib/gcc/avr/4.9.2/avr51\libgcc.a(_mulsi3.o)
                0x0000603e                __mulsi3
 .text.libgcc.div
                0x0000605c       0x28 c:/program files (x86)/atmel/studio/7.0/toolchain/avr8/avr8-gnu-toolchain/bin/../lib/gcc/avr/4.9.2/avr51\libgcc.a(_udivmodhi4.o)
                0x0000605c                __udivmodhi4
 .text.libgcc.div
                0x00006084       0x26 c:/program files (x86)/atmel/studio/7.0/toolchain/avr8/avr8-gnu-toolchain/bin/../lib/gcc/avr/4.9.2/avr51\libgcc.a(_divmodhi4.o)
                0x00006084                _div
                0x00006084                __divmodhi4
 .text.libgcc.div
                0x000060aa       0x44 c:/program files (x86)/atmel/studio/7.0/toolchain/avr8/avr8-gnu-toolchain/bin/../lib/gcc/avr/4.9.2/avr51\libgcc.a(_udivmodsi4.o)
                0x000060aa                __udivmodsi4
 .text.libgcc.mul
                0x000060ee       0x1e c:/program files (x86)/atmel/studio/7.0/toolchain/avr8/avr8-gnu-toolchain/bin/../lib/gcc/avr/4.9.2/avr51\libgcc.a(_umulhisi3.o)
                0x000060ee                __umulhisi3
 .text.libgcc.mul
                0x0000610c       0x14 c:/program files (x86)/atmel/studio/7.0/toolchain/avr8/avr8-gnu-toolchain/bin/../lib/gcc/avr/4.9.2/avr51\libgcc.a(_muluhisi3.o)
                0x0000610c                __muluhisi3
 .text.libgcc   0x00006120       0x12 c:/program files (x86)/atmel/studio/7.0/toolchain/avr8/avr8-gnu-toolchain/bin/../lib/gcc/avr/4.9.2/avr51\libgcc.a(_tablejump2.o)
                0x00006120                __tablejump2__
 .text.avr-libc
                0x00006132       0x12 c:/program files (x86)/atmel/studio/7.0/toolchain/avr8/avr8-gnu-toolchain/bin/../lib/gcc/avr/4.9.2/../../../../avr/lib/avr51\libc.a(memcpy.o)
                0x00006132                memcpy
 .text.avr-libc
                0x00006144        0xe c:/program files (x86)/atmel/studio/7.0/toolchain/avr8/avr8-gnu-toolchain/bin/../lib/gcc/avr/4.9.2/../../../../avr/lib/avr51\libc.a(memset.o)
                0x00006144                memset
 .text.avr-libc
                0x00006152       0x94 c:/program files (x86)/atmel/studio/7.0/toolchain/avr8/avr8-gnu-toolchain/bin/../lib/gcc/avr/4.9.2/../../../../avr/lib/avr51\libc.a(fdevopen.o)
                0x00006152                fdevopen
 .text.avr-libc
                0x000061e6       0x7c c:/program files (x86)/atmel/studio/7.0/toolchain/avr8/avr8-gnu-toolchain/bin/../lib/gcc/avr/4.9.2/../../../../avr/lib/avr51\libc.a(fgetc.o)
                0x000061e6                fgetc
 .text.avr-libc
                0x00006262       0x4e c:/program files (x86)/atmel/studio/7.0/toolchain/avr8/avr8-gnu-toolchain/bin/../lib/gcc/avr/4.9.2/../../../../avr/lib/avr51\libc.a(printf_p.o)
                0x00006262                printf_P
 .text.avr-libc
                0x000062b0       0x1c c:/program files (x86)/atmel/studio/7.0/toolchain/avr8/avr8-gnu-toolchain/bin/../lib/gcc/avr/4.9.2/../../../../avr/lib/avr51\libc.a(vfprintf_p.o)
                0x000062b0                vfprintf_P
 .text.avr-libc
                0x000062cc      0x3dc c:/program files (x86)/atmel/studio/7.0/toolchain/avr8/avr8-gnu-toolchain/bin/../lib/gcc/avr/4.9.2/../../../../avr/lib/avr51\libc.a(vfprintf_std.o)
                0x000062cc                vfprintf
 .text.avr-libc
                0x000066a8       0x34 c:/program files (x86)/atmel/studio/7.0/toolchain/avr8/avr8-gnu-toolchain/bin/../lib/gcc/avr/4.9.2/../../../../avr/lib/avr51\libc.a(calloc.o)
                0x000066a8                calloc
 .text.avr-libc
                0x000066dc      0x25a c:/program files (x86)/atmel/studio/7.0/toolchain/avr8/avr8-gnu-toolchain/bin/../lib/gcc/avr/4.9.2/../../../../avr/lib/avr51\libc.a(malloc.o)
                0x000066dc                malloc
                0x00006806                free
 .text.avr-libc
                0x00006936       0x16 c:/program files (x86)/atmel/studio/7.0/toolchain/avr8/avr8-gnu-toolchain/bin/../lib/gcc/avr/4.9.2/../../../../avr/lib/avr51\libc.a(strnlen_P.o)
                0x00006936                strnlen_P
 .text.avr-libc
                0x0000694c       0x16 c:/program files (x86)/atmel/studio/7.0/toolchain/avr8/avr8-gnu-toolchain/bin/../lib/gcc/avr/4.9.2/../../../../avr/lib/avr51\libc.a(strnlen.o)
                0x0000694c                strnlen
 .text.avr-libc
                0x00006962       0x70 c:/program files (x86)/atmel/studio/7.0/toolchain/avr8/avr8-gnu-toolchain/bin/../lib/gcc/avr/4.9.2/../../../../avr/lib/avr51\libc.a(fputc.o)
                0x00006962                fputc
 .text.avr-libc
                0x000069d2       0xbc c:/program files (x86)/atmel/studio/7.0/toolchain/avr8/avr8-gnu-toolchain/bin/../lib/gcc/avr/4.9.2/../../../../avr/lib/avr51\libc.a(ultoa_invert.o)
                0x000069d2                __ultoa_invert
 .text.avr-libc
                0x00006a8e       0x20 C:/Program Files (x86)/Atmel/Studio/7.0/Packs/atmel/ATmega_DFP/1.0.98/gcc/dev/atmega128/avr51\libatmega128.a(eerd_block.o)
                0x00006a8e                eeprom_read_block
                0x00006a92                eeprom_read_blraw
 .text.avr-libc
                0x00006aae       0x10 C:/Program Files (x86)/Atmel/Studio/7.0/Packs/atmel/ATmega_DFP/1.0.98/gcc/dev/atmega128/avr51\libatmega128.a(eerd_byte.o)
                0x00006aae                eeprom_read_byte
 .text.avr-libc
                0x00006abe        0xa C:/Program Files (x86)/Atmel/Studio/7.0/Packs/atmel/ATmega_DFP/1.0.98/gcc/dev/atmega128/avr51\libatmega128.a(eerd_word.o)
                0x00006abe                eeprom_read_word
 .text.avr-libc
                0x00006ac8       0x12 C:/Program Files (x86)/Atmel/Studio/7.0/Packs/atmel/ATmega_DFP/1.0.98/gcc/dev/atmega128/avr51\libatmega128.a(eewr_block.o)
                0x00006ac8                eeprom_write_block
 .text.avr-libc
                0x00006ada       0x1a C:/Program Files (x86)/Atmel/Studio/7.0/Packs/atmel/ATmega_DFP/1.0.98/gcc/dev/atmega128/avr51\libatmega128.a(eewr_byte.o)
                0x00006ada                eeprom_write_byte
                0x00006adc                eeprom_write_r18
 .text.avr-libc
                0x00006af4        0x6 C:/Program Files (x86)/Atmel/Studio/7.0/Packs/atmel/ATmega_DFP/1.0.98/gcc/dev/atmega128/avr51\libatmega128.a(eewr_word.o)
                0x00006af4                eeprom_write_word
                0x00006afa                . = ALIGN (0x2)
 *(.fini9)
 .fini9         0x00006afa        0x0 c:/program files (x86)/atmel/studio/7.0/toolchain/avr8/avr8-gnu-toolchain/bin/../lib/gcc/avr/4.9.2/avr51\libgcc.a(_exit.o)
                0x00006afa                _exit
                0x00006afa                exit
 *(.fini9)
 *(.fini8)
 *(.fini8)
 *(.fini7)
 *(.fini7)
 *(.fini6)
 *(.fini6)
 *(.fini5)
 *(.fini5)
 *(.fini4)
 *(.fini4)
 *(.fini3)
 *(.fini3)
 *(.fini2)
 *(.fini2)
 *(.fini1)
 *(.fini1)
 *(.fini0)
 .fini0         0x00006afa        0x4 c:/program files (x86)/atmel/studio/7.0/toolchain/avr8/avr8-gnu-toolchain/bin/../lib/gcc/avr/4.9.2/avr51\libgcc.a(_exit.o)
 *(.fini0)
                0x00006afe                _etext = .

.data           0x00800100        0xc load address 0x00006afe
                0x00800100                PROVIDE (__data_start, .)
 *(.data)
 .data          0x00800100        0x6 c:/program files (x86)/atmel/studio/7.0/toolchain/avr8/avr8-gnu-toolchain/bin/../lib/gcc/avr/4.9.2/../../../../avr/lib/avr51\libc.a(malloc.o)
                0x00800100                __malloc_heap_end
                0x00800102                __malloc_heap_start
                0x00800104                __malloc_margin
 *(.data*)
 .data._ZN3Kbd4masqE
                0x00800106        0x1 Kbd.o
                0x00800106                _ZN3Kbd4masqE
 .data._ZN3Kbd4tickE
                0x00800107        0x1 Kbd.o
                0x00800107                _ZN3Kbd4tickE
 .data._ZN4Scan3cntE
                0x00800108        0x1 Scan.o
                0x00800108                _ZN4Scan3cntE
 .data._ZN3Spi10dpllEnableE
                0x00800109        0x3 Spi.o
                0x00800109                _ZN3Spi10dpllEnableE
 *(.rodata)
 *(.rodata*)
 *(.gnu.linkonce.d*)
                0x0080010c                . = ALIGN (0x2)
                0x0080010c                _edata = .
                0x0080010c                PROVIDE (__data_end, .)

.bss            0x0080010c      0x1a1
                0x0080010c                PROVIDE (__bss_start, .)
 *(.bss)
 *(.bss*)
 .bss._ZN3Adc3adcE
                0x0080010c        0x1 Adc.o
                0x0080010c                _ZN3Adc3adcE
 .bss._ZN3Adc3rmsE
                0x0080010d        0x6 Adc.o
                0x0080010d                _ZN3Adc3rmsE
 .bss._ZN3Adc3valE
                0x00800113        0x6 Adc.o
                0x00800113                _ZN3Adc3valE
 .bss._ZN3Adc2msE
                0x00800119        0x1 Adc.o
                0x00800119                _ZN3Adc2msE
 .bss._ZN3App3appE
                0x0080011a        0x1 App.o
                0x0080011a                _ZN3App3appE
 .bss._ZN3App3valE
                0x0080011b        0x1 App.o
                0x0080011b                _ZN3App3valE
 .bss._ZZN3App11localScreenEvE1n
                0x0080011c        0x1 App.o
 .bss._ZN5Curve5curveE
                0x0080011d        0x1 Curve.o
                0x0080011d                _ZN5Curve5curveE
 .bss._ZN3Dda2dxE
                0x0080011e        0x2 Dda.o
                0x0080011e                _ZN3Dda2dxE
 .bss._ZN3Dda2dyE
                0x00800120        0x2 Dda.o
                0x00800120                _ZN3Dda2dyE
 .bss._ZN3Dda1rE
                0x00800122        0x2 Dda.o
                0x00800122                _ZN3Dda1rE
 .bss._ZN3Dda2xvE
                0x00800124        0x2 Dda.o
                0x00800124                _ZN3Dda2xvE
 .bss._ZN3Dda2yvE
                0x00800126        0x2 Dda.o
                0x00800126                _ZN3Dda2yvE
 .bss._ZN3Dda1xE
                0x00800128        0x2 Dda.o
                0x00800128                _ZN3Dda1xE
 .bss._ZN3Dda1yE
                0x0080012a        0x2 Dda.o
                0x0080012a                _ZN3Dda1yE
 .bss._ZN3Dda2x0E
                0x0080012c        0x2 Dda.o
                0x0080012c                _ZN3Dda2x0E
 .bss._ZN3Dda2y0E
                0x0080012e        0x2 Dda.o
                0x0080012e                _ZN3Dda2y0E
 .bss._ZN3Dda2xxE
                0x00800130        0x2 Dda.o
                0x00800130                _ZN3Dda2xxE
 .bss._ZN3Dda2yyE
                0x00800132        0x2 Dda.o
                0x00800132                _ZN3Dda2yyE
 .bss._ZN3Dmx3dmxE
                0x00800134        0x1 Dmx.o
                0x00800134                _ZN3Dmx3dmxE
 .bss._ZN3Dmx7inBuff1E
                0x00800135       0x18 Dmx.o
                0x00800135                _ZN3Dmx7inBuff1E
 .bss._ZN3Dmx7inBuff2E
                0x0080014d       0x18 Dmx.o
                0x0080014d                _ZN3Dmx7inBuff2E
 .bss._ZN3Dmx5inValE
                0x00800165       0x18 Dmx.o
                0x00800165                _ZN3Dmx5inValE
 .bss._ZN3Dmx5validE
                0x0080017d        0x1 Dmx.o
                0x0080017d                _ZN3Dmx5validE
 .bss._ZN3Dmx6valid1E
                0x0080017e        0x1 Dmx.o
                0x0080017e                _ZN3Dmx6valid1E
 .bss._ZN3Dmx6valid2E
                0x0080017f        0x1 Dmx.o
                0x0080017f                _ZN3Dmx6valid2E
 .bss._ZN3Dmx6first1E
                0x00800180        0x1 Dmx.o
                0x00800180                _ZN3Dmx6first1E
 .bss._ZN3Dmx5scan1E
                0x00800181        0x1 Dmx.o
                0x00800181                _ZN3Dmx5scan1E
 .bss._ZN3Dmx5read1E
                0x00800182        0x1 Dmx.o
                0x00800182                _ZN3Dmx5read1E
 .bss._ZN3Dmx5flag1E
                0x00800183        0x1 Dmx.o
                0x00800183                _ZN3Dmx5flag1E
 .bss._ZN3Dmx6first2E
                0x00800184        0x1 Dmx.o
                0x00800184                _ZN3Dmx6first2E
 .bss._ZN3Dmx5scan2E
                0x00800185        0x1 Dmx.o
                0x00800185                _ZN3Dmx5scan2E
 .bss._ZN3Dmx5read2E
                0x00800186        0x1 Dmx.o
                0x00800186                _ZN3Dmx5read2E
 .bss._ZN3Dmx5flag2E
                0x00800187        0x1 Dmx.o
                0x00800187                _ZN3Dmx5flag2E
 .bss._ZN3Dmx4ptr1E
                0x00800188        0x2 Dmx.o
                0x00800188                _ZN3Dmx4ptr1E
 .bss._ZN3Dmx4ptr2E
                0x0080018a        0x2 Dmx.o
                0x0080018a                _ZN3Dmx4ptr2E
 .bss._ZN3Dmx4cnt1E
                0x0080018c        0x2 Dmx.o
                0x0080018c                _ZN3Dmx4cnt1E
 .bss._ZN3Dmx4cnt2E
                0x0080018e        0x2 Dmx.o
                0x0080018e                _ZN3Dmx4cnt2E
 .bss._ZN3Dmx4modeE
                0x00800190        0x1 Dmx.o
                0x00800190                _ZN3Dmx4modeE
 .bss._ZN3Kbd3kbdE
                0x00800191        0x1 Kbd.o
                0x00800191                _ZN3Kbd3kbdE
 .bss._ZN3Kbd2wpE
                0x00800192        0x1 Kbd.o
                0x00800192                _ZN3Kbd2wpE
 .bss._ZN3Kbd2rpE
                0x00800193        0x1 Kbd.o
                0x00800193                _ZN3Kbd2rpE
 .bss._ZN3Kbd3cntE
                0x00800194        0x1 Kbd.o
                0x00800194                _ZN3Kbd3cntE
 .bss._ZN3Kbd10autoRepeatE
                0x00800195        0x1 Kbd.o
                0x00800195                _ZN3Kbd10autoRepeatE
 .bss._ZN3Kbd9autoCountE
                0x00800196        0x1 Kbd.o
                0x00800196                _ZN3Kbd9autoCountE
 .bss._ZN3Kbd4buffE
                0x00800197        0x8 Kbd.o
                0x00800197                _ZN3Kbd4buffE
 .bss._ZN3Lcd3lcdE
                0x0080019f        0x1 Lcd.o
                0x0080019f                _ZN3Lcd3lcdE
 .bss._ZN3Lcd7consoleE
                0x008001a0        0x2 Lcd.o
                0x008001a0                _ZN3Lcd7consoleE
 .bss._ZN5Menue5menueE
                0x008001a2        0x1 Menue.o
                0x008001a2                _ZN5Menue5menueE
 .bss._ZZN5Menue7memEditEvE6timeIn
                0x008001a3        0x2 Menue.o
 .bss._ZZN5Menue6doEditERjhhjjE1d
                0x008001a5        0x4 Menue.o
 .bss._ZN3Nvr3nvrE
                0x008001a9       0x1b Nvr.o
                0x008001a9                _ZN3Nvr3nvrE
 .bss._ZN3Nvr5setupE
                0x008001c4       0x34 Nvr.o
                0x008001c4                _ZN3Nvr5setupE
 .bss._ZN3Nvr7memNextE
                0x008001f8       0x1b Nvr.o
                0x008001f8                _ZN3Nvr7memNextE
 .bss._ZN4Scan4scanE
                0x00800213        0x1 Scan.o
                0x00800213                _ZN4Scan4scanE
 .bss._ZN4Scan6chnValE
                0x00800214       0x18 Scan.o
                0x00800214                _ZN4Scan6chnValE
 .bss._ZN4Scan6rmsValE
                0x0080022c       0x18 Scan.o
                0x0080022c                _ZN4Scan6rmsValE
 .bss._ZN4Scan8tcnt1LapE
                0x00800244        0x2 Scan.o
                0x00800244                _ZN4Scan8tcnt1LapE
 .bss._ZN4Scan9xfadeFlagE
                0x00800246        0x1 Scan.o
                0x00800246                _ZN4Scan9xfadeFlagE
 .bss._ZN4Scan9xfadeHoldE
                0x00800247        0x1 Scan.o
                0x00800247                _ZN4Scan9xfadeHoldE
 .bss._ZN4Scan9xfadeBackE
                0x00800248        0x1 Scan.o
                0x00800248                _ZN4Scan9xfadeBackE
 .bss._ZN4Scan8xfadeValE
                0x00800249        0x2 Scan.o
                0x00800249                _ZN4Scan8xfadeValE
 .bss._ZN4Scan4timeE
                0x0080024b        0x2 Scan.o
                0x0080024b                _ZN4Scan4timeE
 .bss._ZZN4Scan5xfadeEvE2ma
                0x0080024d        0x2 Scan.o
 .bss._ZZN4Scan5xfadeEvE2mb
                0x0080024f        0x2 Scan.o
 .bss._ZN3Spi3spiE
                0x00800251        0x1 Spi.o
                0x00800251                _ZN3Spi3spiE
 .bss._ZN3Spi3cntE
                0x00800252        0x1 Spi.o
                0x00800252                _ZN3Spi3cntE
 .bss._ZN3Spi10flagCurVolE
                0x00800253        0x1 Spi.o
                0x00800253                _ZN3Spi10flagCurVolE
 .bss._ZN3Spi13outputCurrentE
                0x00800254       0x18 Spi.o
                0x00800254                _ZN3Spi13outputCurrentE
 .bss._ZN3Spi13outputVoltageE
                0x0080026c       0x18 Spi.o
                0x0080026c                _ZN3Spi13outputVoltageE
 .bss._ZN3Spi12outputStatusE
                0x00800284        0x3 Spi.o
                0x00800284                _ZN3Spi12outputStatusE
 .bss._ZN3Spi6outValE
                0x00800287       0x18 Spi.o
                0x00800287                _ZN3Spi6outValE
 .bss._ZN3Spi9outDirektE
                0x0080029f        0x4 Spi.o
                0x0080029f                _ZN3Spi9outDirektE
 *(COMMON)
 COMMON         0x008002a3        0x6 c:/program files (x86)/atmel/studio/7.0/toolchain/avr8/avr8-gnu-toolchain/bin/../lib/gcc/avr/4.9.2/../../../../avr/lib/avr51\libc.a(iob.o)
                0x008002a3                __iob
 COMMON         0x008002a9        0x4 c:/program files (x86)/atmel/studio/7.0/toolchain/avr8/avr8-gnu-toolchain/bin/../lib/gcc/avr/4.9.2/../../../../avr/lib/avr51\libc.a(malloc.o)
                0x008002a9                __brkval
                0x008002ab                __flp
                0x008002ad                PROVIDE (__bss_end, .)
                0x00006afe                __data_load_start = LOADADDR (.data)
                0x00006b0a                __data_load_end = (__data_load_start + SIZEOF (.data))

.noinit         0x008002ad        0x0
                0x008002ad                PROVIDE (__noinit_start, .)
 *(.noinit*)
                0x008002ad                PROVIDE (__noinit_end, .)
                0x008002ad                _end = .
                0x008002ad                PROVIDE (__heap_start, .)

.eeprom         0x00810000      0x2bc
 *(.eeprom*)
 .eeprom        0x00810000      0x2bc Nvr.o
                0x00810000                _ZN3Nvr7setupEEE
                0x00810034                _ZN3Nvr5memEEE
                0x008102bc                __eeprom_end = .

.fuse
 *(.fuse)
 *(.lfuse)
 *(.hfuse)
 *(.efuse)

.lock
 *(.lock*)

.signature
 *(.signature*)

.user_signatures
 *(.user_signatures*)

.stab
 *(.stab)

.stabstr
 *(.stabstr)

.stab.excl
 *(.stab.excl)

.stab.exclstr
 *(.stab.exclstr)

.stab.index
 *(.stab.index)

.stab.indexstr
 *(.stab.indexstr)

.comment        0x00000000       0x5c
 *(.comment)
 .comment       0x00000000       0x30 Adc.o
                                 0x31 (size before relaxing)
 .comment       0x00000030       0x31 App.o
 .comment       0x00000030       0x31 Curve.o
 .comment       0x00000030       0x31 Dda.o
 .comment       0x00000030       0x31 Dmx.o
 .comment       0x00000030       0x31 Kbd.o
 .comment       0x00000030       0x31 Lcd.o
 .comment       0x00000030       0x31 Menue.o
 .comment       0x00000030       0x31 Nvr.o
 .comment       0x00000030       0x31 Scan.o
 .comment       0x00000030       0x31 Spi.o
 .comment       0x00000030       0x31 c:/program files (x86)/atmel/studio/7.0/toolchain/avr8/avr8-gnu-toolchain/bin/../lib/gcc/avr/4.9.2/../../../../avr/lib/avr51\libc.a(fdevopen.o)
 .comment       0x00000030       0x31 c:/program files (x86)/atmel/studio/7.0/toolchain/avr8/avr8-gnu-toolchain/bin/../lib/gcc/avr/4.9.2/../../../../avr/lib/avr51\libc.a(fgetc.o)
 .comment       0x00000030       0x31 c:/program files (x86)/atmel/studio/7.0/toolchain/avr8/avr8-gnu-toolchain/bin/../lib/gcc/avr/4.9.2/../../../../avr/lib/avr51\libc.a(iob.o)
 .comment       0x00000030       0x31 c:/program files (x86)/atmel/studio/7.0/toolchain/avr8/avr8-gnu-toolchain/bin/../lib/gcc/avr/4.9.2/../../../../avr/lib/avr51\libc.a(printf_p.o)
 .comment       0x00000030       0x31 c:/program files (x86)/atmel/studio/7.0/toolchain/avr8/avr8-gnu-toolchain/bin/../lib/gcc/avr/4.9.2/../../../../avr/lib/avr51\libc.a(vfprintf_p.o)
 .comment       0x00000030       0x2c c:/program files (x86)/atmel/studio/7.0/toolchain/avr8/avr8-gnu-toolchain/bin/../lib/gcc/avr/4.9.2/../../../../avr/lib/avr51\libc.a(vfprintf_std.o)
                                 0x2d (size before relaxing)
 .comment       0x0000005c       0x31 c:/program files (x86)/atmel/studio/7.0/toolchain/avr8/avr8-gnu-toolchain/bin/../lib/gcc/avr/4.9.2/../../../../avr/lib/avr51\libc.a(calloc.o)
 .comment       0x0000005c       0x31 c:/program files (x86)/atmel/studio/7.0/toolchain/avr8/avr8-gnu-toolchain/bin/../lib/gcc/avr/4.9.2/../../../../avr/lib/avr51\libc.a(malloc.o)
 .comment       0x0000005c       0x31 c:/program files (x86)/atmel/studio/7.0/toolchain/avr8/avr8-gnu-toolchain/bin/../lib/gcc/avr/4.9.2/../../../../avr/lib/avr51\libc.a(fputc.o)

.note.gnu.avr.deviceinfo
                0x00000000       0x3c
 .note.gnu.avr.deviceinfo
                0x00000000       0x3c C:/Program Files (x86)/Atmel/Studio/7.0/Packs/atmel/ATmega_DFP/1.0.98/gcc/dev/atmega128/avr51/crtatmega128.o

.note.gnu.build-id
 *(.note.gnu.build-id)

.debug
 *(.debug)

.line
 *(.line)

.debug_srcinfo
 *(.debug_srcinfo)

.debug_sfnames
 *(.debug_sfnames)

.debug_aranges  0x00000000      0x418
 *(.debug_aranges)
 .debug_aranges
                0x00000000       0x48 Adc.o
 .debug_aranges
                0x00000048       0x50 App.o
 .debug_aranges
                0x00000098       0x50 Curve.o
 .debug_aranges
                0x000000e8       0x30 Dda.o
 .debug_aranges
                0x00000118       0x58 Dmx.o
 .debug_aranges
                0x00000170       0x48 Kbd.o
 .debug_aranges
                0x000001b8       0x70 Lcd.o
 .debug_aranges
                0x00000228       0xa0 Menue.o
 .debug_aranges
                0x000002c8       0x98 Nvr.o
 .debug_aranges
                0x00000360       0x80 Scan.o
 .debug_aranges
                0x000003e0       0x38 Spi.o

.debug_pubnames
 *(.debug_pubnames)

.debug_info     0x00000000     0x4aa4
 *(.debug_info .gnu.linkonce.wi.*)
 .debug_info    0x00000000      0x259 Adc.o
 .debug_info    0x00000259      0x932 App.o
 .debug_info    0x00000b8b      0x44c Curve.o
 .debug_info    0x00000fd7      0x2a2 Dda.o
 .debug_info    0x00001279      0x4e3 Dmx.o
 .debug_info    0x0000175c      0x308 Kbd.o
 .debug_info    0x00001a64      0x51b Lcd.o
 .debug_info    0x00001f7f     0x15f4 Menue.o
 .debug_info    0x00003573      0x7da Nvr.o
 .debug_info    0x00003d4d      0x830 Scan.o
 .debug_info    0x0000457d      0x527 Spi.o

.debug_abbrev   0x00000000     0x17e8
 *(.debug_abbrev)
 .debug_abbrev  0x00000000      0x1c9 Adc.o
 .debug_abbrev  0x000001c9      0x277 App.o
 .debug_abbrev  0x00000440      0x1d1 Curve.o
 .debug_abbrev  0x00000611      0x136 Dda.o
 .debug_abbrev  0x00000747      0x19b Dmx.o
 .debug_abbrev  0x000008e2      0x1be Kbd.o
 .debug_abbrev  0x00000aa0      0x298 Lcd.o
 .debug_abbrev  0x00000d38      0x316 Menue.o
 .debug_abbrev  0x0000104e      0x283 Nvr.o
 .debug_abbrev  0x000012d1      0x2ef Scan.o
 .debug_abbrev  0x000015c0      0x228 Spi.o

.debug_line     0x00000000     0x2d16
 *(.debug_line .debug_line.* .debug_line_end)
 .debug_line    0x00000000      0x153 Adc.o
 .debug_line    0x00000153      0x581 App.o
 .debug_line    0x000006d4      0x16c Curve.o
 .debug_line    0x00000840      0x15f Dda.o
 .debug_line    0x0000099f      0x3a1 Dmx.o
 .debug_line    0x00000d40      0x1d4 Kbd.o
 .debug_line    0x00000f14      0x425 Lcd.o
 .debug_line    0x00001339      0xd6a Menue.o
 .debug_line    0x000020a3      0x577 Nvr.o
 .debug_line    0x0000261a      0x449 Scan.o
 .debug_line    0x00002a63      0x2b3 Spi.o

.debug_frame    0x00000000      0xec0
 *(.debug_frame)
 .debug_frame   0x00000000      0x118 Adc.o
 .debug_frame   0x00000118       0xf4 App.o
 .debug_frame   0x0000020c       0xf4 Curve.o
 .debug_frame   0x00000300       0x74 Dda.o
 .debug_frame   0x00000374      0x19c Dmx.o
 .debug_frame   0x00000510       0xd4 Kbd.o
 .debug_frame   0x000005e4      0x178 Lcd.o
 .debug_frame   0x0000075c      0x2b0 Menue.o
 .debug_frame   0x00000a0c      0x214 Nvr.o
 .debug_frame   0x00000c20      0x20c Scan.o
 .debug_frame   0x00000e2c       0x94 Spi.o

.debug_str      0x00000000     0x1274
 *(.debug_str)
 .debug_str     0x00000000      0x248 Adc.o
                                0x289 (size before relaxing)
 .debug_str     0x00000248       0xe6 App.o
                                0x2c4 (size before relaxing)
 .debug_str     0x0000032e      0x195 Curve.o
                                0x391 (size before relaxing)
 .debug_str     0x000004c3       0xca Dda.o
                                0x1f8 (size before relaxing)
 .debug_str     0x0000058d      0x232 Dmx.o
                                0x420 (size before relaxing)
 .debug_str     0x000007bf       0xf6 Kbd.o
                                0x2d9 (size before relaxing)
 .debug_str     0x000008b5      0x139 Lcd.o
                                0x345 (size before relaxing)
 .debug_str     0x000009ee      0x243 Menue.o
                                0x44f (size before relaxing)
 .debug_str     0x00000c31      0x280 Nvr.o
                                0x48c (size before relaxing)
 .debug_str     0x00000eb1      0x2c9 Scan.o
                                0x52f (size before relaxing)
 .debug_str     0x0000117a       0xfa Spi.o
                                0x3d2 (size before relaxing)

.debug_loc      0x00000000     0x1ef9
 *(.debug_loc)
 .debug_loc     0x00000000      0x23f Adc.o
 .debug_loc     0x0000023f      0x1dc App.o
 .debug_loc     0x0000041b      0x1eb Curve.o
 .debug_loc     0x00000606       0xca Dda.o
 .debug_loc     0x000006d0      0x385 Dmx.o
 .debug_loc     0x00000a55      0x1a3 Kbd.o
 .debug_loc     0x00000bf8      0x30b Lcd.o
 .debug_loc     0x00000f03      0x5fa Menue.o
 .debug_loc     0x000014fd      0x473 Nvr.o
 .debug_loc     0x00001970      0x477 Scan.o
 .debug_loc     0x00001de7      0x112 Spi.o

.debug_macinfo
 *(.debug_macinfo)

.debug_weaknames
 *(.debug_weaknames)

.debug_funcnames
 *(.debug_funcnames)

.debug_typenames
 *(.debug_typenames)

.debug_varnames
 *(.debug_varnames)

.debug_pubtypes
 *(.debug_pubtypes)

.debug_ranges   0x00000000      0x380
 *(.debug_ranges)
 .debug_ranges  0x00000000       0x38 Adc.o
 .debug_ranges  0x00000038       0x40 App.o
 .debug_ranges  0x00000078       0x40 Curve.o
 .debug_ranges  0x000000b8       0x20 Dda.o
 .debug_ranges  0x000000d8       0x48 Dmx.o
 .debug_ranges  0x00000120       0x38 Kbd.o
 .debug_ranges  0x00000158       0x60 Lcd.o
 .debug_ranges  0x000001b8       0xa8 Menue.o
 .debug_ranges  0x00000260       0x88 Nvr.o
 .debug_ranges  0x000002e8       0x70 Scan.o
 .debug_ranges  0x00000358       0x28 Spi.o

.debug_macro
 *(.debug_macro)
OUTPUT(App.elf elf32-avr)
LOAD linker stubs
