Archive member included because of file (symbol)

/usr/lib/gcc/avr/3.4.1/avr5/libgcc.a(_mulsi3.o)
                              Scan.o (__mulsi3)
/usr/lib/gcc/avr/3.4.1/avr5/libgcc.a(_udivmodhi4.o)
                              Menue.o (__udivmodhi4)
/usr/lib/gcc/avr/3.4.1/avr5/libgcc.a(_divmodhi4.o)
                              App.o (__divmodhi4)
/usr/lib/gcc/avr/3.4.1/avr5/libgcc.a(_udivmodsi4.o)
                              Scan.o (__udivmodsi4)
/usr/lib/gcc/avr/3.4.1/avr5/libgcc.a(_exit.o)
                              App.o (exit)
/usr/lib/gcc/avr/3.4.1/avr5/libgcc.a(_clear_bss.o)
                              App.o (__do_clear_bss)
/usr/lib/gcc/avr/3.4.1/avr5/libgcc.a(_ctors.o)
                              App.o (__do_global_ctors)
/usr/lib/gcc/avr/3.4.1/avr5/libgcc.a(_tablejump.o)
                              /usr/lib/gcc/avr/3.4.1/avr5/libgcc.a(_ctors.o) (__tablejump__)
/usr/avr/lib/avr5/libc.a(ee_rblk.o)
                              Nvr.o (eeprom_read_block)
/usr/avr/lib/avr5/libc.a(ee_rb.o)
                              Nvr.o (eeprom_read_byte)
/usr/avr/lib/avr5/libc.a(ee_rw.o)
                              Nvr.o (eeprom_read_word)
/usr/avr/lib/avr5/libc.a(ee_wblk.o)
                              Nvr.o (eeprom_write_block)
/usr/avr/lib/avr5/libc.a(ee_wb.o)
                              Nvr.o (eeprom_write_byte)
/usr/avr/lib/avr5/libc.a(ee_ww.o)
                              Nvr.o (eeprom_write_word)
/usr/avr/lib/avr5/libc.a(fdevopen.o)
                              Lcd.o (fdevopen)
/usr/avr/lib/avr5/libc.a(fgetc.o)
                              App.o (fgetc)
/usr/avr/lib/avr5/libc.a(printf_p.o)
                              App.o (printf_P)
/usr/avr/lib/avr5/libc.a(vfprintf_p.o)
                              Lcd.o (vfprintf_P)
/usr/avr/lib/avr5/libc.a(vfprintf_std.o)
                              /usr/avr/lib/avr5/libc.a(printf_p.o) (vfprintf)
/usr/avr/lib/avr5/libc.a(calloc.o)
                              /usr/avr/lib/avr5/libc.a(fdevopen.o) (calloc)
/usr/avr/lib/avr5/libc.a(fputc.o)
                              /usr/avr/lib/avr5/libc.a(vfprintf_std.o) (fputc)
/usr/avr/lib/avr5/libc.a(malloc.o)
                              /usr/avr/lib/avr5/libc.a(calloc.o) (malloc)
/usr/avr/lib/avr5/libc.a(memset.o)
                              /usr/avr/lib/avr5/libc.a(calloc.o) (memset)
/usr/avr/lib/avr5/libc.a(strnlen.o)
                              /usr/avr/lib/avr5/libc.a(vfprintf_std.o) (strnlen)

Allocating common symbols
Common symbol       size              file

__iob               0x6               /usr/avr/lib/avr5/libc.a(fdevopen.o)

Memory Configuration

Name             Origin             Length             Attributes
text             0x00000000         0x00020000         xr
data             0x00800060         0x0000ffa0         rw !x
eeprom           0x00810000         0x00010000         rw !x
*default*        0x00000000         0xffffffff

Linker script and memory map

Address of section .data set to 0x800100
LOAD /usr/lib/gcc/avr/3.4.1/../../../../avr/lib/avr5/crtm128.o
LOAD App.o
LOAD Dmx.o
LOAD Lcd.o
LOAD Nvr.o
LOAD Curve.o
LOAD Kbd.o
LOAD Adc.o
LOAD Spi.o
LOAD Dda.o
LOAD Scan.o
LOAD Menue.o
LOAD /usr/lib/gcc/avr/3.4.1/avr5/libgcc.a
LOAD /usr/avr/lib/avr5/libm.a
LOAD /usr/lib/gcc/avr/3.4.1/avr5/libgcc.a
LOAD /usr/avr/lib/avr5/libc.a
LOAD /usr/lib/gcc/avr/3.4.1/avr5/libgcc.a

.hash
 *(.hash)

.dynsym
 *(.dynsym)

.dynstr
 *(.dynstr)

.gnu.version
 *(.gnu.version)

.gnu.version_d
 *(.gnu.version_d)

.gnu.version_r
 *(.gnu.version_r)

.rel.init
 *(.rel.init)

.rela.init
 *(.rela.init)

.rel.text
 *(.rel.text)
 *(.rel.text.*)
 *(.rel.gnu.linkonce.t*)

.rela.text
 *(.rela.text)
 *(.rela.text.*)
 *(.rela.gnu.linkonce.t*)

.rel.fini
 *(.rel.fini)

.rela.fini
 *(.rela.fini)

.rel.rodata
 *(.rel.rodata)
 *(.rel.rodata.*)
 *(.rel.gnu.linkonce.r*)

.rela.rodata
 *(.rela.rodata)
 *(.rela.rodata.*)
 *(.rela.gnu.linkonce.r*)

.rel.data
 *(.rel.data)
 *(.rel.data.*)
 *(.rel.gnu.linkonce.d*)

.rela.data
 *(.rela.data)
 *(.rela.data.*)
 *(.rela.gnu.linkonce.d*)

.rel.ctors
 *(.rel.ctors)

.rela.ctors
 *(.rela.ctors)

.rel.dtors
 *(.rel.dtors)

.rela.dtors
 *(.rela.dtors)

.rel.got
 *(.rel.got)

.rela.got
 *(.rela.got)

.rel.bss
 *(.rel.bss)

.rela.bss
 *(.rela.bss)

.rel.plt
 *(.rel.plt)

.rela.plt
 *(.rela.plt)

.text           0x00000000     0x5412
 *(.vectors)
 .vectors       0x00000000       0x8c /usr/lib/gcc/avr/3.4.1/../../../../avr/lib/avr5/crtm128.o
                0x00000000                __vectors
                0x00000000                __vector_default
                0x0000008c                __ctors_start = .
 *(.ctors)
 .ctors         0x0000008c        0x2 App.o
 .ctors         0x0000008e        0x2 Dmx.o
 .ctors         0x00000090        0x2 Lcd.o
 .ctors         0x00000092        0x2 Nvr.o
 .ctors         0x00000094        0x2 Curve.o
 .ctors         0x00000096        0x2 Kbd.o
 .ctors         0x00000098        0x2 Adc.o
 .ctors         0x0000009a        0x2 Spi.o
 .ctors         0x0000009c        0x2 Scan.o
                0x0000009e                __ctors_end = .
                0x0000009e                __dtors_start = .
 *(.dtors)
                0x0000009e                __dtors_end = .
 *(.progmem.gcc*)
 *(.progmem*)
 .progmem.data  0x0000009e       0xff App.o
 .progmem.data  0x0000019d      0x500 Curve.o
                0x0000059d                Curve::cPower
                0x0000029d                Curve::cFluo
                0x0000019d                Curve::cDirect
                0x0000049d                Curve::cElsis
                0x0000039d                Curve::cElsisPreheat
 .progmem.data  0x0000069d       0x30 Spi.o
                0x0000069d                Spi::phasePtr
                0x000006b5                Spi::phaseTab
 .progmem.data  0x000006cd      0x4a7 Menue.o
                0x00000b74                . = ALIGN (0x2)
 *(.init0)
 *(.init1)
 *(.init2)
 .init2         0x00000b74        0xc /usr/lib/gcc/avr/3.4.1/../../../../avr/lib/avr5/crtm128.o
 *(.init3)
 *(.init4)
 .init4         0x00000b80       0x1a /usr/lib/gcc/avr/3.4.1/../../../../avr/lib/avr5/crtm128.o
                0x00000b80                __do_copy_data
 .init4         0x00000b9a       0x10 /usr/lib/gcc/avr/3.4.1/avr5/libgcc.a(_clear_bss.o)
                0x00000b9a                __do_clear_bss
 *(.init5)
 *(.init6)
 .init6         0x00000baa       0x16 /usr/lib/gcc/avr/3.4.1/avr5/libgcc.a(_ctors.o)
                0x00000baa                __do_global_ctors
 *(.init7)
 *(.init8)
 *(.init9)
 .init9         0x00000bc0        0x4 /usr/lib/gcc/avr/3.4.1/../../../../avr/lib/avr5/crtm128.o
 *(.text)
 .text          0x00000bc4        0x4 /usr/lib/gcc/avr/3.4.1/../../../../avr/lib/avr5/crtm128.o
                0x00000bc4                __vector_22
                0x00000bc4                __vector_28
                0x00000bc4                __vector_1
                0x00000bc4                __vector_32
                0x00000bc4                __vector_34
                0x00000bc4                __vector_24
                0x00000bc4                __bad_interrupt
                0x00000bc4                __vector_6
                0x00000bc4                __vector_31
                0x00000bc4                __vector_3
                0x00000bc4                __vector_23
                0x00000bc4                __vector_25
                0x00000bc4                __vector_11
                0x00000bc4                __vector_13
                0x00000bc4                __vector_17
                0x00000bc4                __vector_19
                0x00000bc4                __vector_7
                0x00000bc4                __vector_27
                0x00000bc4                __vector_5
                0x00000bc4                __vector_33
                0x00000bc4                __vector_4
                0x00000bc4                __vector_9
                0x00000bc4                __vector_2
                0x00000bc4                __vector_15
                0x00000bc4                __vector_29
                0x00000bc4                __vector_8
                0x00000bc4                __vector_26
                0x00000bc4                __vector_14
                0x00000bc4                __vector_10
                0x00000bc4                __vector_16
                0x00000bc4                __vector_20
 .text          0x00000bc8      0x926 App.o
                0x00000e30                App::localScreen()
                0x00000bc8                App::App()
                0x000014c2                main
                0x000013fe                App::run()
                0x00000bca                App::App()
                0x00000bcc                App::dmxScreen()
 .text          0x000014ee      0x382 Dmx.o
                0x000014ee                Dmx::Dmx()
                0x00001738                __vector_30
                0x0000153e                Dmx::dmx1Int()
                0x0000165c                Dmx::dmx2Int()
                0x00001780                Dmx::merge()
                0x00001614                __vector_18
                0x00001516                Dmx::Dmx()
 .text          0x00001870      0x272 Lcd.o
                0x0000189a                Lcd::tstDsp()
                0x00001870                Lcd::setInterface()
                0x0000193a                Lcd::Lcd()
                0x000019c2                Lcd::Lcd()
                0x00001908                Lcd::outCommand(unsigned char)
                0x00001a80                Lcd::print(unsigned char, unsigned char, char const*, ...)
                0x00001a4a                Lcd::goTo(unsigned char, unsigned char)
                0x00001abe                Lcd::clear()
                0x000018fe                _putChar
                0x000018cc                Lcd::write(unsigned char)
 .text          0x00001ae2      0x6ee Nvr.o
                0x00001ae2                Nvr::initFirstTime()
                0x000020ea                Nvr::memDelete(unsigned char)
                0x00001ec0                Nvr::memBack()
                0x00001cd8                Nvr::writeSetup()
                0x00001d12                Nvr::restoreSetup()
                0x00002184                Nvr::memClear()
                0x00001bb0                Nvr::Nvr()
                0x00001d24                Nvr::memGo()
                0x000020a6                Nvr::memSetTime(unsigned char, unsigned int)
                0x0000200c                Nvr::memStoreTo(unsigned char)
                0x00002072                Nvr::memGetTime(unsigned char)
                0x00001c44                Nvr::Nvr()
                0x00001de6                Nvr::memGoTo(char)
                0x00001f56                Nvr::memCancelGo()
                0x00001f62                Nvr::memStore()
 .text          0x000021d0       0x3a Curve.o
                0x000021d0                Curve::Curve()
                0x000021fa                Curve::getPhaseAngle(unsigned char)
                0x000021d2                Curve::Curve()
                0x000021d4                Curve::getRms(unsigned char, unsigned char)
 .text          0x0000220a      0x102 Kbd.o
                0x0000226a                Kbd::Kbd()
                0x00002256                _getChar
                0x00002276                Kbd::scan()
                0x0000220a                Kbd::Kbd()
                0x00002216                Kbd::get()
 .text          0x0000230c       0xe0 Adc.o
                0x00002310                Adc::scan()
                0x0000230e                Adc::Adc()
                0x000023a0                __vector_21
                0x0000231a                Adc::adcInt()
                0x0000230c                Adc::Adc()
 .text          0x000023ec      0x1ec Spi.o
                0x000023ec                Spi::Spi()
                0x00002408                Spi::scan()
                0x000023fa                Spi::Spi()
 .text          0x000025d8      0x19e Dda.o
                0x000025d8                Dda::Dda()
                0x00002698                Dda::next()
                0x000025da                Dda::Dda()
                0x000025dc                Dda::init(int, int, int, int)
 .text          0x00002776      0x486 Scan.o
                0x00002776                Scan::Scan()
                0x00002b2a                Scan::scanAll()
                0x0000290a                Scan::xfadeGo()
                0x0000296e                Scan::scanOutputs()
                0x00002b9a                __vector_12
                0x000027ba                Scan::xfade()
                0x00002940                Scan::xfadeCancelGo()
                0x00002790                Scan::Scan()
                0x000027aa                Scan::max(unsigned char, unsigned char)
 .text          0x00002bfc     0x1cac Menue.o
                0x000030a8                Menue::memEdit()
                0x00004798                Menue::base()
                0x00004116                Menue::setupVref()
                0x000036fc                Menue::mem()
                0x00002bfc                Menue::delay()
                0x00003f06                Menue::setupTimeBase()
                0x00002cc8                Menue::memSelect()
                0x00002c14                Menue::memNonExistent(int)
                0x0000394e                Menue::playXfade()
                0x000035b8                Menue::memStoreTo()
                0x00002e6e                Menue::doEdit(unsigned int&, unsigned char, unsigned char, unsigned int, unsigned int)
                0x00003e56                Menue::setupDmx()
                0x000043ec                Menue::voltageScreen()
                0x00003c0c                Menue::setupCurve()
                0x00003aa2                Menue::play()
                0x00002cb0                Menue::getch()
                0x0000468c                Menue::setup()
 .text          0x000048a8       0x22 /usr/avr/lib/avr5/libc.a(ee_rblk.o)
                0x000048a8                eeprom_read_block
 .text          0x000048ca       0x10 /usr/avr/lib/avr5/libc.a(ee_rb.o)
                0x000048ca                eeprom_read_byte
 .text          0x000048da       0x1a /usr/avr/lib/avr5/libc.a(ee_rw.o)
                0x000048da                eeprom_read_word
 .text          0x000048f4       0x2a /usr/avr/lib/avr5/libc.a(ee_wblk.o)
                0x000048f4                eeprom_write_block
 .text          0x0000491e       0x16 /usr/avr/lib/avr5/libc.a(ee_wb.o)
                0x0000491e                eeprom_write_byte
 .text          0x00004934       0x24 /usr/avr/lib/avr5/libc.a(ee_ww.o)
                0x00004934                eeprom_write_word
 .text          0x00004958       0x92 /usr/avr/lib/avr5/libc.a(fdevopen.o)
                0x00004958                fdevopen
 .text          0x000049ea       0x7a /usr/avr/lib/avr5/libc.a(fgetc.o)
                0x000049ea                fgetc
 .text          0x00004a64       0x4a /usr/avr/lib/avr5/libc.a(printf_p.o)
                0x00004a64                printf_P
 .text          0x00004aae       0x22 /usr/avr/lib/avr5/libc.a(vfprintf_p.o)
                0x00004aae                vfprintf_P
 .text          0x00004ad0      0x580 /usr/avr/lib/avr5/libc.a(vfprintf_std.o)
                0x00004ad0                vfprintf
 .text          0x00005050       0x38 /usr/avr/lib/avr5/libc.a(calloc.o)
                0x00005050                calloc
 .text          0x00005088       0x66 /usr/avr/lib/avr5/libc.a(fputc.o)
                0x00005088                fputc
 .text          0x000050ee      0x222 /usr/avr/lib/avr5/libc.a(malloc.o)
                0x000050ee                malloc
                0x0000524c                free
 .text          0x00005310        0xe /usr/avr/lib/avr5/libc.a(memset.o)
                0x00005310                memset
 .text          0x0000531e       0x16 /usr/avr/lib/avr5/libc.a(strnlen.o)
                0x0000531e                strnlen
                0x00005334                . = ALIGN (0x2)
 *(.text.*)
 .text.libgcc   0x00005334       0x3e /usr/lib/gcc/avr/3.4.1/avr5/libgcc.a(_mulsi3.o)
                0x00005334                __mulsi3
 .text.libgcc   0x00005372       0x28 /usr/lib/gcc/avr/3.4.1/avr5/libgcc.a(_udivmodhi4.o)
                0x00005372                __udivmodhi4
 .text.libgcc   0x0000539a       0x26 /usr/lib/gcc/avr/3.4.1/avr5/libgcc.a(_divmodhi4.o)
                0x0000539a                __divmodhi4
                0x0000539a                _div
 .text.libgcc   0x000053c0       0x44 /usr/lib/gcc/avr/3.4.1/avr5/libgcc.a(_udivmodsi4.o)
                0x000053c0                __udivmodsi4
 .text.libgcc   0x00005404        0xc /usr/lib/gcc/avr/3.4.1/avr5/libgcc.a(_tablejump.o)
                0x00005408                __tablejump__
                0x00005404                __tablejump2__
                0x00005410                . = ALIGN (0x2)
 *(.fini9)
 *(.fini8)
 *(.fini7)
 *(.fini6)
 *(.fini5)
 *(.fini4)
 *(.fini3)
 *(.fini2)
 *(.fini1)
 *(.fini0)
 .fini0         0x00005410        0x2 /usr/lib/gcc/avr/3.4.1/avr5/libgcc.a(_exit.o)
                0x00005412                _etext = .

.data           0x00800100       0x16 load address 0x00005412
                0x00800100                PROVIDE (__data_start, .)
 *(.data)
 .data          0x00800100        0x1 Dmx.o
                0x00800100                Dmx::mode
 .data          0x00800101        0xa Curve.o
                0x00800101                Curve::outFuncTable
 .data          0x0080010b        0x2 Kbd.o
                0x0080010b                Kbd::tick
                0x0080010c                Kbd::masq
 .data          0x0080010d        0x1 Scan.o
                0x0080010d                Scan::cnt
 .data          0x0080010e        0x2 Menue.o
                0x0080010e                Menue::tick
 .data          0x00800110        0x6 /usr/avr/lib/avr5/libc.a(malloc.o)
                0x00800112                __malloc_heap_start
                0x00800110                __malloc_heap_end
                0x00800114                __malloc_margin
 *(.gnu.linkonce.d*)
                0x00800116                . = ALIGN (0x2)
                0x00800116                _edata = .
                0x00800116                PROVIDE (__data_end, .)

.bss            0x00800116      0x1a2
                0x00800116                PROVIDE (__bss_start, .)
 *(.bss)
 .bss           0x00800116        0x2 App.o
                0x00800116                App::app
 .bss           0x00800118       0x5c Dmx.o
                0x00800127                Dmx::scan1
                0x00800122                Dmx::read2
                0x00800173                Dmx::dmx
                0x00800129                Dmx::valid2
                0x0080011f                Dmx::ptr1
                0x00800128                Dmx::first1
                0x00800123                Dmx::scan2
                0x00800124                Dmx::first2
                0x0080012a                Dmx::valid1
                0x0080011b                Dmx::cnt1
                0x0080015b                Dmx::inBuff1
                0x0080012b                Dmx::inVal
                0x00800118                Dmx::valid
                0x00800126                Dmx::read1
                0x00800143                Dmx::inBuff2
                0x00800121                Dmx::flag2
                0x0080011d                Dmx::ptr2
                0x00800125                Dmx::flag1
                0x00800119                Dmx::cnt2
 .bss           0x00800174        0x3 Lcd.o
                0x00800176                Lcd::lcd
                0x00800174                Lcd::console
 .bss           0x00800177       0x6d Nvr.o
                0x00800177                Nvr::memNext
                0x008001c9                Nvr::nvr
                0x00800192                Nvr::setup
 .bss           0x008001e4        0x1 Curve.o
                0x008001e4                Curve::curve
 .bss           0x008001e5        0xe Kbd.o
                0x008001ed                Kbd::autoCount
                0x008001f1                Kbd::wp
                0x008001f0                Kbd::rp
                0x008001ee                Kbd::autoRepeat
                0x008001e5                Kbd::buff
                0x008001f2                Kbd::kbd
                0x008001ef                Kbd::cnt
 .bss           0x008001f3        0xe Adc.o
                0x008001f3                Adc::ms
                0x008001fa                Adc::rms
                0x008001f4                Adc::val
                0x00800200                Adc::adc
 .bss           0x00800201       0x52 Spi.o
                0x00800205                Spi::outVal
                0x00800251                Spi::cnt
                0x00800201                Spi::outDirekt
                0x00800250                Spi::flagCurVol
                0x00800252                Spi::spi
                0x00800238                Spi::outputCurrent
                0x00800220                Spi::outputVoltage
                0x0080021d                Spi::outputStatus
 .bss           0x00800253       0x16 Dda.o
                0x00800253                Dda::yy
                0x00800265                Dda::dy
                0x0080025b                Dda::y
                0x0080025f                Dda::yv
                0x00800259                Dda::x0
                0x0080025d                Dda::x
                0x00800267                Dda::dx
                0x00800261                Dda::xv
                0x00800263                Dda::r
                0x00800257                Dda::y0
                0x00800255                Dda::xx
 .bss           0x00800269       0x3e Scan.o
                0x0080026d                Scan::xfadeBack
                0x008002a2                Scan::scan
                0x00800270                Scan::tcnt1Lap
                0x0080028a                Scan::chnVal
                0x0080026e                Scan::xfadeHold
                0x00800272                Scan::rmsVal
                0x0080026b                Scan::xfadeVal
                0x0080026f                Scan::xfadeFlag
                0x00800269                Scan::time
 .bss           0x008002a7        0x7 Menue.o
                0x008002a7                Menue::menue
 .bss           0x008002ae        0x4 /usr/avr/lib/avr5/libc.a(malloc.o)
 *(COMMON)
 COMMON         0x008002b2        0x6 /usr/avr/lib/avr5/libc.a(fdevopen.o)
                                  0x0 (size before relaxing)
                0x008002b2                __iob
                0x008002b8                PROVIDE (__bss_end, .)
                0x00005412                __data_load_start = LOADADDR (.data)
                0x00005428                __data_load_end = (__data_load_start + SIZEOF (.data))

.noinit         0x008002b8        0x0
                0x008002b8                PROVIDE (__noinit_start, .)
 *(.noinit*)
                0x008002b8                PROVIDE (__noinit_end, .)
                0x008002b8                _end = .
                0x008002b8                PROVIDE (__heap_start, .)

.eeprom         0x00810000      0x2bf load address 0x00005428
 *(.eeprom*)
 .eeprom        0x00810000      0x2bf Nvr.o
                0x00810288                Nvr::setupEE
                0x00810000                Nvr::memEE
                0x008102bf                __eeprom_end = .

.stab           0x00000000     0x9198
 *(.stab)
 .stab          0x00000000      0x33c /usr/lib/gcc/avr/3.4.1/../../../../avr/lib/avr5/crtm128.o
 .stab          0x0000033c      0xd98 App.o
                                0xda4 (size before relaxing)
 .stab          0x000010d4      0x948 Dmx.o
                                0xa08 (size before relaxing)
 .stab          0x00001a1c      0x8a0 Lcd.o
                                0xa44 (size before relaxing)
 .stab          0x000022bc      0xd68 Nvr.o
                                0xe70 (size before relaxing)
 .stab          0x00003024      0x3c0 Curve.o
                                0x4f8 (size before relaxing)
 .stab          0x000033e4      0x5a0 Kbd.o
                                0x69c (size before relaxing)
 .stab          0x00003984      0x408 Adc.o
                                0x4b0 (size before relaxing)
 .stab          0x00003d8c      0x7e0 Spi.o
                                0x930 (size before relaxing)
 .stab          0x0000456c      0x45c Dda.o
                                0x4b0 (size before relaxing)
 .stab          0x000049c8      0xaa4 Scan.o
                                0xc3c (size before relaxing)
 .stab          0x0000546c     0x1cbc Menue.o
                               0x1ef0 (size before relaxing)
 .stab          0x00007128       0xe4 /usr/avr/lib/avr5/libc.a(ee_rblk.o)
                                 0xf0 (size before relaxing)
 .stab          0x0000720c       0x78 /usr/avr/lib/avr5/libc.a(ee_rb.o)
                                 0x84 (size before relaxing)
 .stab          0x00007284       0xb4 /usr/avr/lib/avr5/libc.a(ee_rw.o)
                                 0xc0 (size before relaxing)
 .stab          0x00007338      0x114 /usr/avr/lib/avr5/libc.a(ee_wblk.o)
                                0x120 (size before relaxing)
 .stab          0x0000744c       0x9c /usr/avr/lib/avr5/libc.a(ee_wb.o)
                                 0xa8 (size before relaxing)
 .stab          0x000074e8       0xf0 /usr/avr/lib/avr5/libc.a(ee_ww.o)
                                 0xfc (size before relaxing)
 .stab          0x000075d8      0x3a8 /usr/avr/lib/avr5/libc.a(fdevopen.o)
                                0x3d8 (size before relaxing)
 .stab          0x00007980      0x264 /usr/avr/lib/avr5/libc.a(fgetc.o)
                                0x354 (size before relaxing)
 .stab          0x00007be4      0x1c8 /usr/avr/lib/avr5/libc.a(printf_p.o)
                                0x2b8 (size before relaxing)
 .stab          0x00007dac      0x1d4 /usr/avr/lib/avr5/libc.a(vfprintf_p.o)
                                0x2c4 (size before relaxing)
 .stab          0x00007f80      0x7c8 /usr/avr/lib/avr5/libc.a(vfprintf_std.o)
                                0x8f4 (size before relaxing)
 .stab          0x00008748      0x1d4 /usr/avr/lib/avr5/libc.a(calloc.o)
                                0x210 (size before relaxing)
 .stab          0x0000891c      0x210 /usr/avr/lib/avr5/libc.a(fputc.o)
                                0x300 (size before relaxing)
 .stab          0x00008b2c      0x564 /usr/avr/lib/avr5/libc.a(malloc.o)
                                0x648 (size before relaxing)
 .stab          0x00009090       0x6c /usr/avr/lib/avr5/libc.a(memset.o)
                                 0x78 (size before relaxing)
 .stab          0x000090fc       0x9c /usr/avr/lib/avr5/libc.a(strnlen.o)
                                 0xa8 (size before relaxing)

.stabstr        0x00000000     0xb937
 *(.stabstr)
 .stabstr       0x00000000     0xb937 /usr/lib/gcc/avr/3.4.1/../../../../avr/lib/avr5/crtm128.o
                                  0x0 (size before relaxing)

.stab.excl
 *(.stab.excl)

.stab.exclstr
 *(.stab.exclstr)

.stab.index
 *(.stab.index)

.stab.indexstr
 *(.stab.indexstr)

.comment
 *(.comment)

.debug
 *(.debug)

.line
 *(.line)

.debug_srcinfo
 *(.debug_srcinfo)

.debug_sfnames
 *(.debug_sfnames)

.debug_aranges
 *(.debug_aranges)

.debug_pubnames
 *(.debug_pubnames)

.debug_info
 *(.debug_info)
 *(.gnu.linkonce.wi.*)

.debug_abbrev
 *(.debug_abbrev)

.debug_line
 *(.debug_line)

.debug_frame
 *(.debug_frame)

.debug_str
 *(.debug_str)

.debug_loc
 *(.debug_loc)

.debug_macinfo
 *(.debug_macinfo)
OUTPUT(Dmx.elf elf32-avr)

Cross Reference Table

Symbol                                            File
Adc::Adc()                                        Adc.o
Adc::Adc()                                        Adc.o
Adc::adc                                          Adc.o
Adc::adcInt()                                     Adc.o
Adc::ms                                           Adc.o
Adc::rms                                          Adc.o
                                                  Menue.o
                                                  Scan.o
Adc::scan()                                       Adc.o
                                                  Scan.o
Adc::val                                          Adc.o
App::App()                                        App.o
App::App()                                        App.o
App::app                                          App.o
App::dmxScreen()                                  App.o
App::localScreen()                                App.o
App::run()                                        App.o
Curve::Curve()                                    Curve.o
Curve::Curve()                                    Curve.o
Curve::cDirect                                    Curve.o
Curve::cElsis                                     Curve.o
Curve::cElsisPreheat                              Curve.o
Curve::cFluo                                      Curve.o
Curve::cPower                                     Curve.o
Curve::curve                                      Curve.o
Curve::getPhaseAngle(unsigned char)               Curve.o
                                                  Scan.o
Curve::getRms(unsigned char, unsigned char)       Curve.o
                                                  Scan.o
Curve::outFuncTable                               Curve.o
Dda::Dda()                                        Dda.o
Dda::Dda()                                        Dda.o
Dda::dx                                           Dda.o
Dda::dy                                           Dda.o
Dda::init(int, int, int, int)                     Dda.o
                                                  Scan.o
Dda::next()                                       Dda.o
                                                  Scan.o
Dda::r                                            Dda.o
Dda::x                                            Dda.o
Dda::x0                                           Dda.o
Dda::xv                                           Dda.o
Dda::xx                                           Dda.o
Dda::y                                            Dda.o
Dda::y0                                           Dda.o
Dda::yv                                           Dda.o
Dda::yy                                           Dda.o
Dmx::Dmx()                                        Dmx.o
Dmx::Dmx()                                        Dmx.o
Dmx::cnt1                                         Dmx.o
Dmx::cnt2                                         Dmx.o
Dmx::dmx                                          Dmx.o
Dmx::dmx1Int()                                    Dmx.o
Dmx::dmx2Int()                                    Dmx.o
Dmx::first1                                       Dmx.o
Dmx::first2                                       Dmx.o
Dmx::flag1                                        Dmx.o
Dmx::flag2                                        Dmx.o
Dmx::inBuff1                                      Dmx.o
Dmx::inBuff2                                      Dmx.o
Dmx::inVal                                        Dmx.o
                                                  Scan.o
                                                  Nvr.o
                                                  App.o
Dmx::merge()                                      Dmx.o
                                                  Scan.o
Dmx::mode                                         Dmx.o
Dmx::ptr1                                         Dmx.o
Dmx::ptr2                                         Dmx.o
Dmx::read1                                        Dmx.o
Dmx::read2                                        Dmx.o
Dmx::scan1                                        Dmx.o
Dmx::scan2                                        Dmx.o
Dmx::valid                                        Dmx.o
                                                  Menue.o
                                                  App.o
Dmx::valid1                                       Dmx.o
Dmx::valid2                                       Dmx.o
Kbd::Kbd()                                        Kbd.o
Kbd::Kbd()                                        Kbd.o
Kbd::autoCount                                    Kbd.o
Kbd::autoRepeat                                   Kbd.o
                                                  Menue.o
                                                  App.o
Kbd::buff                                         Kbd.o
Kbd::cnt                                          Kbd.o
Kbd::get()                                        Kbd.o
Kbd::kbd                                          Kbd.o
Kbd::masq                                         Kbd.o
Kbd::rp                                           Kbd.o
Kbd::scan()                                       Kbd.o
                                                  Scan.o
Kbd::tick                                         Kbd.o
Kbd::wp                                           Kbd.o
Lcd::Lcd()                                        Lcd.o
Lcd::Lcd()                                        Lcd.o
Lcd::clear()                                      Lcd.o
                                                  Menue.o
                                                  App.o
Lcd::console                                      Lcd.o
Lcd::goTo(unsigned char, unsigned char)           Lcd.o
                                                  Menue.o
                                                  App.o
Lcd::lcd                                          Lcd.o
                                                  Menue.o
                                                  App.o
Lcd::outCommand(unsigned char)                    Lcd.o
Lcd::print(unsigned char, unsigned char, char const*, ...) Lcd.o
                                                  Menue.o
                                                  App.o
Lcd::setInterface()                               Lcd.o
Lcd::tstDsp()                                     Lcd.o
Lcd::write(unsigned char)                         Lcd.o
Menue::base()                                     Menue.o
                                                  App.o
Menue::delay()                                    Menue.o
Menue::doEdit(unsigned int&, unsigned char, unsigned char, unsigned int, unsigned int) Menue.o
Menue::getch()                                    Menue.o
Menue::mem()                                      Menue.o
Menue::memEdit()                                  Menue.o
Menue::memNonExistent(int)                        Menue.o
Menue::memSelect()                                Menue.o
Menue::memStoreTo()                               Menue.o
Menue::menue                                      Menue.o
                                                  App.o
Menue::play()                                     Menue.o
Menue::playXfade()                                Menue.o
Menue::setup()                                    Menue.o
Menue::setupCurve()                               Menue.o
Menue::setupDmx()                                 Menue.o
Menue::setupTimeBase()                            Menue.o
Menue::setupVref()                                Menue.o
Menue::tick                                       Menue.o
                                                  Scan.o
Menue::voltageScreen()                            Menue.o
Nvr::Nvr()                                        Nvr.o
Nvr::Nvr()                                        Nvr.o
Nvr::initFirstTime()                              Nvr.o
Nvr::memBack()                                    Nvr.o
                                                  Menue.o
Nvr::memCancelGo()                                Nvr.o
                                                  Menue.o
Nvr::memClear()                                   Nvr.o
                                                  Menue.o
Nvr::memDelete(unsigned char)                     Nvr.o
                                                  Menue.o
Nvr::memEE                                        Nvr.o
Nvr::memGetTime(unsigned char)                    Nvr.o
                                                  Menue.o
Nvr::memGo()                                      Nvr.o
                                                  Menue.o
Nvr::memGoTo(char)                                Nvr.o
                                                  Menue.o
Nvr::memNext                                      Nvr.o
                                                  Scan.o
Nvr::memSetTime(unsigned char, unsigned int)      Nvr.o
                                                  Menue.o
Nvr::memStore()                                   Nvr.o
                                                  Menue.o
Nvr::memStoreTo(unsigned char)                    Nvr.o
                                                  Menue.o
Nvr::nvr                                          Nvr.o
                                                  Menue.o
Nvr::restoreSetup()                               Nvr.o
Nvr::setup                                        Nvr.o
                                                  Menue.o
                                                  Scan.o
                                                  Spi.o
                                                  Curve.o
                                                  Dmx.o
                                                  App.o
Nvr::setupEE                                      Nvr.o
Nvr::writeSetup()                                 Nvr.o
                                                  Menue.o
Scan::Scan()                                      Scan.o
Scan::Scan()                                      Scan.o
Scan::chnVal                                      Scan.o
Scan::cnt                                         Scan.o
Scan::max(unsigned char, unsigned char)           Scan.o
Scan::rmsVal                                      Scan.o
Scan::scan                                        Scan.o
                                                  Menue.o
Scan::scanAll()                                   Scan.o
Scan::scanOutputs()                               Scan.o
Scan::tcnt1Lap                                    Scan.o
Scan::time                                        Scan.o
Scan::xfade()                                     Scan.o
Scan::xfadeBack                                   Scan.o
Scan::xfadeCancelGo()                             Scan.o
                                                  Menue.o
Scan::xfadeFlag                                   Scan.o
                                                  Menue.o
Scan::xfadeGo()                                   Scan.o
                                                  Menue.o
Scan::xfadeHold                                   Scan.o
                                                  Menue.o
Scan::xfadeVal                                    Scan.o
                                                  Menue.o
Spi::Spi()                                        Spi.o
Spi::Spi()                                        Spi.o
Spi::cnt                                          Spi.o
Spi::flagCurVol                                   Spi.o
Spi::outDirekt                                    Spi.o
                                                  Scan.o
Spi::outVal                                       Spi.o
                                                  Scan.o
Spi::outputCurrent                                Spi.o
Spi::outputStatus                                 Spi.o
Spi::outputVoltage                                Spi.o
Spi::phasePtr                                     Spi.o
                                                  Scan.o
Spi::phaseTab                                     Spi.o
                                                  Scan.o
Spi::scan()                                       Spi.o
                                                  Scan.o
Spi::spi                                          Spi.o
__bad_interrupt                                   /usr/lib/gcc/avr/3.4.1/../../../../avr/lib/avr5/crtm128.o
__bss_end                                         /usr/lib/gcc/avr/3.4.1/avr5/libgcc.a(_clear_bss.o)
__bss_start                                       /usr/lib/gcc/avr/3.4.1/avr5/libgcc.a(_clear_bss.o)
__ctors_end                                       /usr/lib/gcc/avr/3.4.1/avr5/libgcc.a(_ctors.o)
__ctors_start                                     /usr/lib/gcc/avr/3.4.1/avr5/libgcc.a(_ctors.o)
__data_end                                        /usr/lib/gcc/avr/3.4.1/../../../../avr/lib/avr5/crtm128.o
__data_load_start                                 /usr/lib/gcc/avr/3.4.1/../../../../avr/lib/avr5/crtm128.o
__data_start                                      /usr/lib/gcc/avr/3.4.1/../../../../avr/lib/avr5/crtm128.o
__divmodhi4                                       /usr/lib/gcc/avr/3.4.1/avr5/libgcc.a(_divmodhi4.o)
                                                  App.o
__do_clear_bss                                    /usr/lib/gcc/avr/3.4.1/avr5/libgcc.a(_clear_bss.o)
                                                  /usr/avr/lib/avr5/libc.a(malloc.o)
                                                  /usr/avr/lib/avr5/libc.a(fputc.o)
                                                  /usr/avr/lib/avr5/libc.a(calloc.o)
                                                  /usr/avr/lib/avr5/libc.a(vfprintf_std.o)
                                                  /usr/avr/lib/avr5/libc.a(vfprintf_p.o)
                                                  /usr/avr/lib/avr5/libc.a(printf_p.o)
                                                  /usr/avr/lib/avr5/libc.a(fgetc.o)
                                                  /usr/avr/lib/avr5/libc.a(fdevopen.o)
                                                  Menue.o
                                                  Scan.o
                                                  Dda.o
                                                  Spi.o
                                                  Adc.o
                                                  Kbd.o
                                                  Curve.o
                                                  Nvr.o
                                                  Lcd.o
                                                  Dmx.o
                                                  App.o
__do_copy_data                                    /usr/lib/gcc/avr/3.4.1/../../../../avr/lib/avr5/crtm128.o
                                                  /usr/avr/lib/avr5/libc.a(malloc.o)
                                                  /usr/avr/lib/avr5/libc.a(fputc.o)
                                                  /usr/avr/lib/avr5/libc.a(calloc.o)
                                                  /usr/avr/lib/avr5/libc.a(vfprintf_std.o)
                                                  /usr/avr/lib/avr5/libc.a(vfprintf_p.o)
                                                  /usr/avr/lib/avr5/libc.a(printf_p.o)
                                                  /usr/avr/lib/avr5/libc.a(fgetc.o)
                                                  /usr/avr/lib/avr5/libc.a(fdevopen.o)
                                                  Menue.o
                                                  Scan.o
                                                  Dda.o
                                                  Spi.o
                                                  Adc.o
                                                  Kbd.o
                                                  Curve.o
                                                  Nvr.o
                                                  Lcd.o
                                                  Dmx.o
                                                  App.o
__do_global_ctors                                 /usr/lib/gcc/avr/3.4.1/avr5/libgcc.a(_ctors.o)
                                                  Scan.o
                                                  Spi.o
                                                  Adc.o
                                                  Kbd.o
                                                  Curve.o
                                                  Nvr.o
                                                  Lcd.o
                                                  Dmx.o
                                                  App.o
__heap_end                                        /usr/lib/gcc/avr/3.4.1/../../../../avr/lib/avr5/crtm128.o
                                                  /usr/avr/lib/avr5/libc.a(malloc.o)
__heap_start                                      /usr/avr/lib/avr5/libc.a(malloc.o)
__init                                            /usr/lib/gcc/avr/3.4.1/../../../../avr/lib/avr5/crtm128.o
__iob                                             /usr/avr/lib/avr5/libc.a(printf_p.o)
                                                  /usr/avr/lib/avr5/libc.a(fdevopen.o)
                                                  Menue.o
                                                  App.o
__malloc_heap_end                                 /usr/avr/lib/avr5/libc.a(malloc.o)
__malloc_heap_start                               /usr/avr/lib/avr5/libc.a(malloc.o)
__malloc_margin                                   /usr/avr/lib/avr5/libc.a(malloc.o)
__mulsi3                                          /usr/lib/gcc/avr/3.4.1/avr5/libgcc.a(_mulsi3.o)
                                                  Menue.o
                                                  Scan.o
__stack                                           /usr/lib/gcc/avr/3.4.1/../../../../avr/lib/avr5/crtm128.o
                                                  App.o
__tablejump2__                                    /usr/lib/gcc/avr/3.4.1/avr5/libgcc.a(_tablejump.o)
__tablejump__                                     /usr/lib/gcc/avr/3.4.1/avr5/libgcc.a(_tablejump.o)
                                                  /usr/lib/gcc/avr/3.4.1/avr5/libgcc.a(_ctors.o)
__udivmodhi4                                      /usr/lib/gcc/avr/3.4.1/avr5/libgcc.a(_udivmodhi4.o)
                                                  /usr/lib/gcc/avr/3.4.1/avr5/libgcc.a(_divmodhi4.o)
                                                  Menue.o
__udivmodsi4                                      /usr/lib/gcc/avr/3.4.1/avr5/libgcc.a(_udivmodsi4.o)
                                                  /usr/avr/lib/avr5/libc.a(vfprintf_std.o)
                                                  Menue.o
                                                  Scan.o
__vector_1                                        /usr/lib/gcc/avr/3.4.1/../../../../avr/lib/avr5/crtm128.o
__vector_10                                       /usr/lib/gcc/avr/3.4.1/../../../../avr/lib/avr5/crtm128.o
__vector_11                                       /usr/lib/gcc/avr/3.4.1/../../../../avr/lib/avr5/crtm128.o
__vector_12                                       Scan.o
                                                  /usr/lib/gcc/avr/3.4.1/../../../../avr/lib/avr5/crtm128.o
__vector_13                                       /usr/lib/gcc/avr/3.4.1/../../../../avr/lib/avr5/crtm128.o
__vector_14                                       /usr/lib/gcc/avr/3.4.1/../../../../avr/lib/avr5/crtm128.o
__vector_15                                       /usr/lib/gcc/avr/3.4.1/../../../../avr/lib/avr5/crtm128.o
__vector_16                                       /usr/lib/gcc/avr/3.4.1/../../../../avr/lib/avr5/crtm128.o
__vector_17                                       /usr/lib/gcc/avr/3.4.1/../../../../avr/lib/avr5/crtm128.o
__vector_18                                       Dmx.o
                                                  /usr/lib/gcc/avr/3.4.1/../../../../avr/lib/avr5/crtm128.o
__vector_19                                       /usr/lib/gcc/avr/3.4.1/../../../../avr/lib/avr5/crtm128.o
__vector_2                                        /usr/lib/gcc/avr/3.4.1/../../../../avr/lib/avr5/crtm128.o
__vector_20                                       /usr/lib/gcc/avr/3.4.1/../../../../avr/lib/avr5/crtm128.o
__vector_21                                       Adc.o
                                                  /usr/lib/gcc/avr/3.4.1/../../../../avr/lib/avr5/crtm128.o
__vector_22                                       /usr/lib/gcc/avr/3.4.1/../../../../avr/lib/avr5/crtm128.o
__vector_23                                       /usr/lib/gcc/avr/3.4.1/../../../../avr/lib/avr5/crtm128.o
__vector_24                                       /usr/lib/gcc/avr/3.4.1/../../../../avr/lib/avr5/crtm128.o
__vector_25                                       /usr/lib/gcc/avr/3.4.1/../../../../avr/lib/avr5/crtm128.o
__vector_26                                       /usr/lib/gcc/avr/3.4.1/../../../../avr/lib/avr5/crtm128.o
__vector_27                                       /usr/lib/gcc/avr/3.4.1/../../../../avr/lib/avr5/crtm128.o
__vector_28                                       /usr/lib/gcc/avr/3.4.1/../../../../avr/lib/avr5/crtm128.o
__vector_29                                       /usr/lib/gcc/avr/3.4.1/../../../../avr/lib/avr5/crtm128.o
__vector_3                                        /usr/lib/gcc/avr/3.4.1/../../../../avr/lib/avr5/crtm128.o
__vector_30                                       Dmx.o
                                                  /usr/lib/gcc/avr/3.4.1/../../../../avr/lib/avr5/crtm128.o
__vector_31                                       /usr/lib/gcc/avr/3.4.1/../../../../avr/lib/avr5/crtm128.o
__vector_32                                       /usr/lib/gcc/avr/3.4.1/../../../../avr/lib/avr5/crtm128.o
__vector_33                                       /usr/lib/gcc/avr/3.4.1/../../../../avr/lib/avr5/crtm128.o
__vector_34                                       /usr/lib/gcc/avr/3.4.1/../../../../avr/lib/avr5/crtm128.o
__vector_4                                        /usr/lib/gcc/avr/3.4.1/../../../../avr/lib/avr5/crtm128.o
__vector_5                                        /usr/lib/gcc/avr/3.4.1/../../../../avr/lib/avr5/crtm128.o
__vector_6                                        /usr/lib/gcc/avr/3.4.1/../../../../avr/lib/avr5/crtm128.o
__vector_7                                        /usr/lib/gcc/avr/3.4.1/../../../../avr/lib/avr5/crtm128.o
__vector_8                                        /usr/lib/gcc/avr/3.4.1/../../../../avr/lib/avr5/crtm128.o
__vector_9                                        /usr/lib/gcc/avr/3.4.1/../../../../avr/lib/avr5/crtm128.o
__vector_default                                  /usr/lib/gcc/avr/3.4.1/../../../../avr/lib/avr5/crtm128.o
__vectors                                         /usr/lib/gcc/avr/3.4.1/../../../../avr/lib/avr5/crtm128.o
_div                                              /usr/lib/gcc/avr/3.4.1/avr5/libgcc.a(_divmodhi4.o)
_exit                                             /usr/lib/gcc/avr/3.4.1/avr5/libgcc.a(_exit.o)
_getChar                                          Kbd.o
                                                  Lcd.o
_putChar                                          Lcd.o
calloc                                            /usr/avr/lib/avr5/libc.a(calloc.o)
                                                  /usr/avr/lib/avr5/libc.a(fdevopen.o)
eeprom_read_block                                 /usr/avr/lib/avr5/libc.a(ee_rblk.o)
                                                  Nvr.o
eeprom_read_byte                                  /usr/avr/lib/avr5/libc.a(ee_rb.o)
                                                  Nvr.o
eeprom_read_word                                  /usr/avr/lib/avr5/libc.a(ee_rw.o)
                                                  Nvr.o
eeprom_write_block                                /usr/avr/lib/avr5/libc.a(ee_wblk.o)
                                                  Nvr.o
eeprom_write_byte                                 /usr/avr/lib/avr5/libc.a(ee_wb.o)
                                                  Nvr.o
eeprom_write_word                                 /usr/avr/lib/avr5/libc.a(ee_ww.o)
                                                  Nvr.o
exit                                              /usr/lib/gcc/avr/3.4.1/avr5/libgcc.a(_exit.o)
                                                  App.o
fdevopen                                          /usr/avr/lib/avr5/libc.a(fdevopen.o)
                                                  Lcd.o
fgetc                                             /usr/avr/lib/avr5/libc.a(fgetc.o)
                                                  Menue.o
                                                  App.o
fputc                                             /usr/avr/lib/avr5/libc.a(fputc.o)
                                                  /usr/avr/lib/avr5/libc.a(vfprintf_std.o)
free                                              /usr/avr/lib/avr5/libc.a(malloc.o)
main                                              App.o
                                                  /usr/lib/gcc/avr/3.4.1/../../../../avr/lib/avr5/crtm128.o
malloc                                            /usr/avr/lib/avr5/libc.a(malloc.o)
                                                  /usr/avr/lib/avr5/libc.a(calloc.o)
memset                                            /usr/avr/lib/avr5/libc.a(memset.o)
                                                  /usr/avr/lib/avr5/libc.a(calloc.o)
printf_P                                          /usr/avr/lib/avr5/libc.a(printf_p.o)
                                                  Menue.o
                                                  App.o
strnlen                                           /usr/avr/lib/avr5/libc.a(strnlen.o)
                                                  /usr/avr/lib/avr5/libc.a(vfprintf_std.o)
vfprintf                                          /usr/avr/lib/avr5/libc.a(vfprintf_std.o)
                                                  /usr/avr/lib/avr5/libc.a(vfprintf_p.o)
                                                  /usr/avr/lib/avr5/libc.a(printf_p.o)
vfprintf_P                                        /usr/avr/lib/avr5/libc.a(vfprintf_p.o)
                                                  Lcd.o
